Archive member included to satisfy reference by file (symbol)

/opt/st/stm32cubeide_1.10.1/plugins/com.st.stm32cube.ide.mcu.externaltools.gnu-tools-for-stm32.10.3-2021.10.linux64_1.0.0.202111181127/tools/bin/../lib/gcc/arm-none-eabi/10.3.1/../../../../arm-none-eabi/lib/thumb/v7e-m+fp/hard/libc_nano.a(lib_a-errno.o)
                              ./Core/Src/syscalls.o (__errno)
/opt/st/stm32cubeide_1.10.1/plugins/com.st.stm32cube.ide.mcu.externaltools.gnu-tools-for-stm32.10.3-2021.10.linux64_1.0.0.202111181127/tools/bin/../lib/gcc/arm-none-eabi/10.3.1/../../../../arm-none-eabi/lib/thumb/v7e-m+fp/hard/libc_nano.a(lib_a-exit.o)
                              /opt/st/stm32cubeide_1.10.1/plugins/com.st.stm32cube.ide.mcu.externaltools.gnu-tools-for-stm32.10.3-2021.10.linux64_1.0.0.202111181127/tools/bin/../lib/gcc/arm-none-eabi/10.3.1/../../../../arm-none-eabi/lib/thumb/v7e-m+fp/hard/crt0.o (exit)
/opt/st/stm32cubeide_1.10.1/plugins/com.st.stm32cube.ide.mcu.externaltools.gnu-tools-for-stm32.10.3-2021.10.linux64_1.0.0.202111181127/tools/bin/../lib/gcc/arm-none-eabi/10.3.1/../../../../arm-none-eabi/lib/thumb/v7e-m+fp/hard/libc_nano.a(lib_a-impure.o)
                              /opt/st/stm32cubeide_1.10.1/plugins/com.st.stm32cube.ide.mcu.externaltools.gnu-tools-for-stm32.10.3-2021.10.linux64_1.0.0.202111181127/tools/bin/../lib/gcc/arm-none-eabi/10.3.1/../../../../arm-none-eabi/lib/thumb/v7e-m+fp/hard/libc_nano.a(lib_a-exit.o) (_global_impure_ptr)
/opt/st/stm32cubeide_1.10.1/plugins/com.st.stm32cube.ide.mcu.externaltools.gnu-tools-for-stm32.10.3-2021.10.linux64_1.0.0.202111181127/tools/bin/../lib/gcc/arm-none-eabi/10.3.1/../../../../arm-none-eabi/lib/thumb/v7e-m+fp/hard/libc_nano.a(lib_a-init.o)
                              /opt/st/stm32cubeide_1.10.1/plugins/com.st.stm32cube.ide.mcu.externaltools.gnu-tools-for-stm32.10.3-2021.10.linux64_1.0.0.202111181127/tools/bin/../lib/gcc/arm-none-eabi/10.3.1/../../../../arm-none-eabi/lib/thumb/v7e-m+fp/hard/crt0.o (__libc_init_array)
/opt/st/stm32cubeide_1.10.1/plugins/com.st.stm32cube.ide.mcu.externaltools.gnu-tools-for-stm32.10.3-2021.10.linux64_1.0.0.202111181127/tools/bin/../lib/gcc/arm-none-eabi/10.3.1/../../../../arm-none-eabi/lib/thumb/v7e-m+fp/hard/libc_nano.a(lib_a-memset.o)
                              /opt/st/stm32cubeide_1.10.1/plugins/com.st.stm32cube.ide.mcu.externaltools.gnu-tools-for-stm32.10.3-2021.10.linux64_1.0.0.202111181127/tools/bin/../lib/gcc/arm-none-eabi/10.3.1/../../../../arm-none-eabi/lib/thumb/v7e-m+fp/hard/crt0.o (memset)
/opt/st/stm32cubeide_1.10.1/plugins/com.st.stm32cube.ide.mcu.externaltools.gnu-tools-for-stm32.10.3-2021.10.linux64_1.0.0.202111181127/tools/bin/../lib/gcc/arm-none-eabi/10.3.1/../../../../arm-none-eabi/lib/thumb/v7e-m+fp/hard/libc_nano.a(lib_a-puts.o)
                              ./Core/Src/LCD.o (puts)
/opt/st/stm32cubeide_1.10.1/plugins/com.st.stm32cube.ide.mcu.externaltools.gnu-tools-for-stm32.10.3-2021.10.linux64_1.0.0.202111181127/tools/bin/../lib/gcc/arm-none-eabi/10.3.1/../../../../arm-none-eabi/lib/thumb/v7e-m+fp/hard/libc_nano.a(lib_a-sprintf.o)
                              ./Core/Src/main.o (sprintf)
/opt/st/stm32cubeide_1.10.1/plugins/com.st.stm32cube.ide.mcu.externaltools.gnu-tools-for-stm32.10.3-2021.10.linux64_1.0.0.202111181127/tools/bin/../lib/gcc/arm-none-eabi/10.3.1/../../../../arm-none-eabi/lib/thumb/v7e-m+fp/hard/libc_nano.a(lib_a-wbuf.o)
                              /opt/st/stm32cubeide_1.10.1/plugins/com.st.stm32cube.ide.mcu.externaltools.gnu-tools-for-stm32.10.3-2021.10.linux64_1.0.0.202111181127/tools/bin/../lib/gcc/arm-none-eabi/10.3.1/../../../../arm-none-eabi/lib/thumb/v7e-m+fp/hard/libc_nano.a(lib_a-puts.o) (__swbuf_r)
/opt/st/stm32cubeide_1.10.1/plugins/com.st.stm32cube.ide.mcu.externaltools.gnu-tools-for-stm32.10.3-2021.10.linux64_1.0.0.202111181127/tools/bin/../lib/gcc/arm-none-eabi/10.3.1/../../../../arm-none-eabi/lib/thumb/v7e-m+fp/hard/libc_nano.a(lib_a-wsetup.o)
                              /opt/st/stm32cubeide_1.10.1/plugins/com.st.stm32cube.ide.mcu.externaltools.gnu-tools-for-stm32.10.3-2021.10.linux64_1.0.0.202111181127/tools/bin/../lib/gcc/arm-none-eabi/10.3.1/../../../../arm-none-eabi/lib/thumb/v7e-m+fp/hard/libc_nano.a(lib_a-puts.o) (__swsetup_r)
/opt/st/stm32cubeide_1.10.1/plugins/com.st.stm32cube.ide.mcu.externaltools.gnu-tools-for-stm32.10.3-2021.10.linux64_1.0.0.202111181127/tools/bin/../lib/gcc/arm-none-eabi/10.3.1/../../../../arm-none-eabi/lib/thumb/v7e-m+fp/hard/libc_nano.a(lib_a-fflush.o)
                              /opt/st/stm32cubeide_1.10.1/plugins/com.st.stm32cube.ide.mcu.externaltools.gnu-tools-for-stm32.10.3-2021.10.linux64_1.0.0.202111181127/tools/bin/../lib/gcc/arm-none-eabi/10.3.1/../../../../arm-none-eabi/lib/thumb/v7e-m+fp/hard/libc_nano.a(lib_a-wbuf.o) (_fflush_r)
[...]
Memory Configuration

Name             Origin             Length             Attributes
RAM              0x0000000020000000 0x0000000000010000 xrw
FLASH            0x0000000008000000 0x0000000000040000 xr
*default*        0x0000000000000000 0xffffffffffffffff

Linker script and memory map

LOAD /opt/st/stm32cubeide_1.10.1/plugins/com.st.stm32cube.ide.mcu.externaltools.gnu-tools-for-stm32.10.3-2021.10.linux64_1.0.0.202111181127/tools/bin/../lib/gcc/arm-none-eabi/10.3.1/thumb/v7e-m+fp/hard/crti.o
LOAD /opt/st/stm32cubeide_1.10.1/plugins/com.st.stm32cube.ide.mcu.externaltools.gnu-tools-for-stm32.10.3-2021.10.linux64_1.0.0.202111181127/tools/bin/../lib/gcc/arm-none-eabi/10.3.1/thumb/v7e-m+fp/hard/crtbegin.o
LOAD /opt/st/stm32cubeide_1.10.1/plugins/com.st.stm32cube.ide.mcu.externaltools.gnu-tools-for-stm32.10.3-2021.10.linux64_1.0.0.202111181127/tools/bin/../lib/gcc/arm-none-eabi/10.3.1/../../../../arm-none-eabi/lib/thumb/v7e-m+fp/hard/crt0.o
LOAD ./Core/Src/DEV_Config.o
LOAD ./Core/Src/Images.o
LOAD ./Core/Src/LCD.o
LOAD ./Core/Src/SD_card.o
LOAD ./Core/Src/adc.o
LOAD ./Core/Src/common.o
LOAD ./Core/Src/dma.o
LOAD ./Core/Src/fatfs_sd.o
LOAD ./Core/Src/font12.o
LOAD ./Core/Src/font16.o
LOAD ./Core/Src/font20.o
LOAD ./Core/Src/font24.o
LOAD ./Core/Src/font8.o
LOAD ./Core/Src/gpio.o
LOAD ./Core/Src/main.o
LOAD ./Core/Src/menu.o
LOAD ./Core/Src/menu_callbacks.o
LOAD ./Core/Src/spi.o
LOAD ./Core/Src/stm32f4xx_hal_msp.o
LOAD ./Core/Src/stm32f4xx_it.o
LOAD ./Core/Src/syscalls.o
LOAD ./Core/Src/sysmem.o
LOAD ./Core/Src/system_stm32f4xx.o
LOAD ./Core/Src/tim.o
LOAD ./Core/Src/usart.o
LOAD ./Core/Startup/startup_stm32f401ccux.o
LOAD ./Drivers/STM32F4xx_HAL_Driver/Src/stm32f4xx_hal.o
LOAD ./Drivers/STM32F4xx_HAL_Driver/Src/stm32f4xx_hal_adc.o
LOAD ./Drivers/STM32F4xx_HAL_Driver/Src/stm32f4xx_hal_adc_ex.o
LOAD ./Drivers/STM32F4xx_HAL_Driver/Src/stm32f4xx_hal_cortex.o
LOAD ./Drivers/STM32F4xx_HAL_Driver/Src/stm32f4xx_hal_dma.o
LOAD ./Drivers/STM32F4xx_HAL_Driver/Src/stm32f4xx_hal_dma_ex.o
LOAD ./Drivers/STM32F4xx_HAL_Driver/Src/stm32f4xx_hal_exti.o
LOAD ./Drivers/STM32F4xx_HAL_Driver/Src/stm32f4xx_hal_flash.o
LOAD ./Drivers/STM32F4xx_HAL_Driver/Src/stm32f4xx_hal_flash_ex.o
LOAD ./Drivers/STM32F4xx_HAL_Driver/Src/stm32f4xx_hal_flash_ramfunc.o
LOAD ./Drivers/STM32F4xx_HAL_Driver/Src/stm32f4xx_hal_gpio.o
LOAD ./Drivers/STM32F4xx_HAL_Driver/Src/stm32f4xx_hal_pwr.o
LOAD ./Drivers/STM32F4xx_HAL_Driver/Src/stm32f4xx_hal_pwr_ex.o
LOAD ./Drivers/STM32F4xx_HAL_Driver/Src/stm32f4xx_hal_rcc.o
LOAD ./Drivers/STM32F4xx_HAL_Driver/Src/stm32f4xx_hal_rcc_ex.o
LOAD ./Drivers/STM32F4xx_HAL_Driver/Src/stm32f4xx_hal_spi.o
LOAD ./Drivers/STM32F4xx_HAL_Driver/Src/stm32f4xx_hal_tim.o
LOAD ./Drivers/STM32F4xx_HAL_Driver/Src/stm32f4xx_hal_tim_ex.o
LOAD ./Drivers/STM32F4xx_HAL_Driver/Src/stm32f4xx_hal_uart.o
LOAD ./Drivers/STM32F4xx_HAL_Driver/Src/stm32f4xx_ll_adc.o
LOAD ./FATFS/App/fatfs.o
LOAD ./FATFS/Target/user_diskio.o
LOAD ./Middlewares/Third_Party/FatFs/src/diskio.o
LOAD ./Middlewares/Third_Party/FatFs/src/ff.o
LOAD ./Middlewares/Third_Party/FatFs/src/ff_gen_drv.o
LOAD ./Middlewares/Third_Party/FatFs/src/option/ccsbcs.o
LOAD ./Middlewares/Third_Party/FatFs/src/option/syscall.o
START GROUP
LOAD /opt/st/stm32cubeide_1.10.1/plugins/com.st.stm32cube.ide.mcu.externaltools.gnu-tools-for-stm32.10.3-2021.10.linux64_1.0.0.202111181127/tools/bin/../lib/gcc/arm-none-eabi/10.3.1/../../../../arm-none-eabi/lib/thumb/v7e-m+fp/hard/libc_nano.a
LOAD /opt/st/stm32cubeide_1.10.1/plugins/com.st.stm32cube.ide.mcu.externaltools.gnu-tools-for-stm32.10.3-2021.10.linux64_1.0.0.202111181127/tools/bin/../lib/gcc/arm-none-eabi/10.3.1/../../../../arm-none-eabi/lib/thumb/v7e-m+fp/hard/libm.a
END GROUP
START GROUP
LOAD /opt/st/stm32cubeide_1.10.1/plugins/com.st.stm32cube.ide.mcu.externaltools.gnu-tools-for-stm32.10.3-2021.10.linux64_1.0.0.202111181127/tools/bin/../lib/gcc/arm-none-eabi/10.3.1/thumb/v7e-m+fp/hard/libgcc.a
LOAD /opt/st/stm32cubeide_1.10.1/plugins/com.st.stm32cube.ide.mcu.externaltools.gnu-tools-for-stm32.10.3-2021.10.linux64_1.0.0.202111181127/tools/bin/../lib/gcc/arm-none-eabi/10.3.1/../../../../arm-none-eabi/lib/thumb/v7e-m+fp/hard/libc_nano.a
END GROUP
START GROUP
LOAD /opt/st/stm32cubeide_1.10.1/plugins/com.st.stm32cube.ide.mcu.externaltools.gnu-tools-for-stm32.10.3-2021.10.linux64_1.0.0.202111181127/tools/bin/../lib/gcc/arm-none-eabi/10.3.1/thumb/v7e-m+fp/hard/libgcc.a
LOAD /opt/st/stm32cubeide_1.10.1/plugins/com.st.stm32cube.ide.mcu.externaltools.gnu-tools-for-stm32.10.3-2021.10.linux64_1.0.0.202111181127/tools/bin/../lib/gcc/arm-none-eabi/10.3.1/../../../../arm-none-eabi/lib/thumb/v7e-m+fp/hard/libc_nano.a
LOAD /opt/st/stm32cubeide_1.10.1/plugins/com.st.stm32cube.ide.mcu.externaltools.gnu-tools-for-stm32.10.3-2021.10.linux64_1.0.0.202111181127/tools/bin/../lib/gcc/arm-none-eabi/10.3.1/../../../../arm-none-eabi/lib/thumb/v7e-m+fp/hard/libnosys.a
END GROUP
START GROUP
LOAD /opt/st/stm32cubeide_1.10.1/plugins/com.st.stm32cube.ide.mcu.externaltools.gnu-tools-for-stm32.10.3-2021.10.linux64_1.0.0.202111181127/tools/bin/../lib/gcc/arm-none-eabi/10.3.1/thumb/v7e-m+fp/hard/libgcc.a
LOAD /opt/st/stm32cubeide_1.10.1/plugins/com.st.stm32cube.ide.mcu.externaltools.gnu-tools-for-stm32.10.3-2021.10.linux64_1.0.0.202111181127/tools/bin/../lib/gcc/arm-none-eabi/10.3.1/../../../../arm-none-eabi/lib/thumb/v7e-m+fp/hard/libc_nano.a
LOAD /opt/st/stm32cubeide_1.10.1/plugins/com.st.stm32cube.ide.mcu.externaltools.gnu-tools-for-stm32.10.3-2021.10.linux64_1.0.0.202111181127/tools/bin/../lib/gcc/arm-none-eabi/10.3.1/../../../../arm-none-eabi/lib/thumb/v7e-m+fp/hard/libnosys.a
END GROUP
LOAD /opt/st/stm32cubeide_1.10.1/plugins/com.st.stm32cube.ide.mcu.externaltools.gnu-tools-for-stm32.10.3-2021.10.linux64_1.0.0.202111181127/tools/bin/../lib/gcc/arm-none-eabi/10.3.1/thumb/v7e-m+fp/hard/crtend.o
LOAD /opt/st/stm32cubeide_1.10.1/plugins/com.st.stm32cube.ide.mcu.externaltools.gnu-tools-for-stm32.10.3-2021.10.linux64_1.0.0.202111181127/tools/bin/../lib/gcc/arm-none-eabi/10.3.1/thumb/v7e-m+fp/hard/crtn.o
                0x0000000020010000                _estack = (ORIGIN (RAM) + LENGTH (RAM))
                0x0000000000000200                _Min_Heap_Size = 0x200
                0x0000000000000400                _Min_Stack_Size = 0x400

.isr_vector     0x0000000008000000      0x194
                0x0000000008000000                . = ALIGN (0x4)
 *(.isr_vector)
 .isr_vector    0x0000000008000000      0x194 ./Core/Startup/startup_stm32f401ccux.o
                0x0000000008000000                g_pfnVectors
                0x0000000008000194                . = ALIGN (0x4)

.text           0x00000000080001a0     0xb3a8
                0x00000000080001a0                . = ALIGN (0x4)
 *(.text)
 .text          0x00000000080001a0       0x40 /opt/st/stm32cubeide_1.10.1/plugins/com.st.stm32cube.ide.mcu.externaltools.gnu-tools-for-stm32.10.3-2021.10.linux64_1.0.0.202111181127/tools/bin/../lib/gcc/arm-none-eabi/10.3.1/thumb/v7e-m+fp/hard/crtbegin.o
 .text          0x00000000080001e0       0xa0 /opt/st/stm32cubeide_1.10.1/plugins/com.st.stm32cube.ide.mcu.externaltools.gnu-tools-for-stm32.10.3-2021.10.linux64_1.0.0.202111181127/tools/bin/../lib/gcc/arm-none-eabi/10.3.1/../../../../arm-none-eabi/lib/thumb/v7e-m+fp/hard/libc_nano.a(lib_a-memchr.o)
                0x00000000080001e0                memchr
 .text          0x0000000008000280       0x30 /opt/st/stm32cubeide_1.10.1/plugins/com.st.stm32cube.ide.mcu.externaltools.gnu-tools-for-stm32.10.3-2021.10.linux64_1.0.0.202111181127/tools/bin/../lib/gcc/arm-none-eabi/10.3.1/thumb/v7e-m+fp/hard/libgcc.a(_aeabi_uldivmod.o)
                0x0000000008000280                __aeabi_uldivmod
 .text          0x00000000080002b0      0x2d0 /opt/st/stm32cubeide_1.10.1/plugins/com.st.stm32cube.ide.mcu.externaltools.gnu-tools-for-stm32.10.3-2021.10.linux64_1.0.0.202111181127/tools/bin/../lib/gcc/arm-none-eabi/10.3.1/thumb/v7e-m+fp/hard/libgcc.a(_udivmoddi4.o)
                0x00000000080002b0                __udivmoddi4
 .text          0x0000000008000580        0x4 /opt/st/stm32cubeide_1.10.1/plugins/com.st.stm32cube.ide.mcu.externaltools.gnu-tools-for-stm32.10.3-2021.10.linux64_1.0.0.202111181127/tools/bin/../lib/gcc/arm-none-eabi/10.3.1/thumb/v7e-m+fp/hard/libgcc.a(_dvmd_tls.o)
                0x0000000008000580                __aeabi_ldiv0
                0x0000000008000580                __aeabi_idiv0
 *(.text*)
 .text.SPI_Write_Byte
                0x0000000008000584       0x74 ./Core/Src/DEV_Config.o
                0x0000000008000584                SPI_Write_Byte
 .text.Driver_Delay_ms
                0x00000000080005f8       0x16 ./Core/Src/DEV_Config.o
                0x00000000080005f8                Driver_Delay_ms
 *fill*         0x000000000800060e        0x2 
 .text.LCD_Reset
                0x0000000008000610       0x44 ./Core/Src/LCD.o
 .text.LCD_WriteReg
                0x0000000008000654       0x44 ./Core/Src/LCD.o
 .text.LCD_WriteData_8Bit
                0x0000000008000698       0x44 ./Core/Src/LCD.o
 .text.LCD_WriteData_NLen16Bit
                0x00000000080006dc       0x68 ./Core/Src/LCD.o
 .text.LCD_InitReg
                0x0000000008000744      0x1c4 ./Core/Src/LCD.o
 .text.LCD_SetGramScanWay
                0x0000000008000908       0xe0 ./Core/Src/LCD.o
                0x0000000008000908                LCD_SetGramScanWay
 .text.LCD_Init
                0x00000000080009e8       0x50 ./Core/Src/LCD.o
                0x00000000080009e8                LCD_Init
 .text.LCD_SetWindows
                0x0000000008000a38       0xac ./Core/Src/LCD.o
                0x0000000008000a38                LCD_SetWindows
 .text.LCD_SetCursor
                0x0000000008000ae4       0x24 ./Core/Src/LCD.o
                0x0000000008000ae4                LCD_SetCursor
 .text.LCD_SetColor
                0x0000000008000b08       0x2c ./Core/Src/LCD.o
                0x0000000008000b08                LCD_SetColor
 .text.LCD_SetPointlColor
                0x0000000008000b34       0x4c ./Core/Src/LCD.o
                0x0000000008000b34                LCD_SetPointlColor
 .text.LCD_SetArealColor
                0x0000000008000b80       0x5a ./Core/Src/LCD.o
                0x0000000008000b80                LCD_SetArealColor
 *fill*         0x0000000008000bda        0x2 
 .text.LCD_Clear
                0x0000000008000bdc       0x2c ./Core/Src/LCD.o
                0x0000000008000bdc                LCD_Clear
 .text.LCD_DrawPoint
                0x0000000008000c08       0xf0 ./Core/Src/LCD.o
                0x0000000008000c08                LCD_DrawPoint
 .text.LCD_DrawCircle
                0x0000000008000cf8      0x2f4 ./Core/Src/LCD.o
                0x0000000008000cf8                LCD_DrawCircle
 .text.LCD_DisplayChar
                0x0000000008000fec      0x150 ./Core/Src/LCD.o
                0x0000000008000fec                LCD_DisplayChar
 .text.LCD_DisplayString
                0x000000000800113c       0xa4 ./Core/Src/LCD.o
                0x000000000800113c                LCD_DisplayString
 .text.mountSDcard
                0x00000000080011e0       0x2c ./Core/Src/SD_card.o
                0x00000000080011e0                mountSDcard
 .text.deleteFile
                0x000000000800120c       0x24 ./Core/Src/SD_card.o
                0x000000000800120c                deleteFile
 .text.writeDataPacked
                0x0000000008001230       0x80 ./Core/Src/SD_card.o
                0x0000000008001230                writeDataPacked
 .text.bufsize  0x00000000080012b0       0x2e ./Core/Src/SD_card.o
                0x00000000080012b0                bufsize
 *fill*         0x00000000080012de        0x2 
 .text.bufclear
                0x00000000080012e0       0x3c ./Core/Src/SD_card.o
                0x00000000080012e0                bufclear
 .text.MX_ADC1_Init
                0x000000000800131c       0xa4 ./Core/Src/adc.o
                0x000000000800131c                MX_ADC1_Init
 .text.HAL_ADC_MspInit
                0x00000000080013c0       0xf0 ./Core/Src/adc.o
                0x00000000080013c0                HAL_ADC_MspInit
 .text.key_next_press
                0x00000000080014b0       0x1c ./Core/Src/common.o
                0x00000000080014b0                key_next_press
 .text.key_prev_press
                0x00000000080014cc       0x1c ./Core/Src/common.o
                0x00000000080014cc                key_prev_press
 .text.key_enter_press
                0x00000000080014e8       0x1c ./Core/Src/common.o
                0x00000000080014e8                key_enter_press
 .text.MX_DMA_Init
                0x0000000008001504       0x40 ./Core/Src/dma.o
                0x0000000008001504                MX_DMA_Init
 .text.SELECT   0x0000000008001544       0x20 ./Core/Src/fatfs_sd.o
 .text.DESELECT
                0x0000000008001564       0x20 ./Core/Src/fatfs_sd.o
 .text.SPI_TxByte
                0x0000000008001584       0x34 ./Core/Src/fatfs_sd.o
 .text.SPI_TxBuffer
                0x00000000080015b8       0x34 ./Core/Src/fatfs_sd.o
 .text.SPI_RxByte
                0x00000000080015ec       0x38 ./Core/Src/fatfs_sd.o
 .text.SPI_RxBytePtr
                0x0000000008001624       0x1c ./Core/Src/fatfs_sd.o
 .text.SD_ReadyWait
                0x0000000008001640       0x34 ./Core/Src/fatfs_sd.o
 .text.SD_PowerOn
                0x0000000008001674       0x84 ./Core/Src/fatfs_sd.o
 .text.SD_PowerOff
                0x00000000080016f8       0x18 ./Core/Src/fatfs_sd.o
 .text.SD_CheckPower
                0x0000000008001710       0x18 ./Core/Src/fatfs_sd.o
 .text.SD_RxDataBlock
                0x0000000008001728       0x5c ./Core/Src/fatfs_sd.o
 .text.SD_TxDataBlock
                0x0000000008001784       0x86 ./Core/Src/fatfs_sd.o
 .text.SD_SendCmd
                0x000000000800180a       0xa8 ./Core/Src/fatfs_sd.o
 *fill*         0x00000000080018b2        0x2 
 .text.SD_disk_initialize
                0x00000000080018b4      0x1cc ./Core/Src/fatfs_sd.o
                0x00000000080018b4                SD_disk_initialize
 .text.SD_disk_status
                0x0000000008001a80       0x2c ./Core/Src/fatfs_sd.o
                0x0000000008001a80                SD_disk_status
 .text.SD_disk_read
                0x0000000008001aac       0xd4 ./Core/Src/fatfs_sd.o
                0x0000000008001aac                SD_disk_read
 .text.SD_disk_write
                0x0000000008001b80      0x108 ./Core/Src/fatfs_sd.o
                0x0000000008001b80                SD_disk_write
 .text.SD_disk_ioctl
                0x0000000008001c88      0x258 ./Core/Src/fatfs_sd.o
                0x0000000008001c88                SD_disk_ioctl
 .text.MX_GPIO_Init
                0x0000000008001ee0       0xdc ./Core/Src/gpio.o
                0x0000000008001ee0                MX_GPIO_Init
 .text.__NVIC_SystemReset
                0x0000000008001fbc       0x2c ./Core/Src/main.o
 .text.conversion
                0x0000000008001fe8      0x20c ./Core/Src/main.o
                0x0000000008001fe8                conversion
 .text.save_data_to_SD
                0x00000000080021f4       0x3c ./Core/Src/main.o
                0x00000000080021f4                save_data_to_SD
 .text.adcbufToBlbuf
                0x0000000008002230       0xd4 ./Core/Src/main.o
                0x0000000008002230                adcbufToBlbuf
 .text.main     0x0000000008002304      0x1a4 ./Core/Src/main.o
                0x0000000008002304                main
 .text.SystemClock_Config
                0x00000000080024a8       0xd4 ./Core/Src/main.o
                0x00000000080024a8                SystemClock_Config
 .text.farray   0x000000000800257c       0x20 ./Core/Src/main.o
                0x000000000800257c                farray
 .text.sarray   0x000000000800259c       0x20 ./Core/Src/main.o
                0x000000000800259c                sarray
 .text.HAL_TIM_IC_CaptureCallback
                0x00000000080025bc       0x84 ./Core/Src/main.o
                0x00000000080025bc                HAL_TIM_IC_CaptureCallback
 .text.HAL_GPIO_EXTI_Callback
                0x0000000008002640       0x60 ./Core/Src/main.o
                0x0000000008002640                HAL_GPIO_EXTI_Callback
 .text.Error_Handler
                0x00000000080026a0        0xa ./Core/Src/main.o
                0x00000000080026a0                Error_Handler
 *fill*         0x00000000080026aa        0x2 
 .text.refresh_taskbar
                0x00000000080026ac       0xf4 ./Core/Src/menu.o
                0x00000000080026ac                refresh_taskbar
 .text.create_structarray
                0x00000000080027a0       0x70 ./Core/Src/menu.o
                0x00000000080027a0                create_structarray
 .text.menu_refresh
                0x0000000008002810       0xb8 ./Core/Src/menu.o
                0x0000000008002810                menu_refresh
 .text.menu_next
                0x00000000080028c8       0x34 ./Core/Src/menu.o
                0x00000000080028c8                menu_next
 .text.menu_prev
                0x00000000080028fc       0x34 ./Core/Src/menu.o
                0x00000000080028fc                menu_prev
 .text.menu_enter
                0x0000000008002930       0x48 ./Core/Src/menu.o
                0x0000000008002930                menu_enter
 .text.clearSD  0x0000000008002978       0x18 ./Core/Src/menu_callbacks.o
                0x0000000008002978                clearSD
 .text.turn_ALL_OFF
                0x0000000008002990       0x24 ./Core/Src/menu_callbacks.o
                0x0000000008002990                turn_ALL_OFF
 .text.turn_BL  0x00000000080029b4       0x28 ./Core/Src/menu_callbacks.o
                0x00000000080029b4                turn_BL
 .text.turn_SD  0x00000000080029dc       0x28 ./Core/Src/menu_callbacks.o
                0x00000000080029dc                turn_SD
 .text.reset    0x0000000008002a04       0x18 ./Core/Src/menu_callbacks.o
                0x0000000008002a04                reset
 .text.MX_SPI1_Init
                0x0000000008002a1c       0x6c ./Core/Src/spi.o
                0x0000000008002a1c                MX_SPI1_Init
 .text.MX_SPI2_Init
                0x0000000008002a88       0x6c ./Core/Src/spi.o
                0x0000000008002a88                MX_SPI2_Init
 .text.HAL_SPI_MspInit
                0x0000000008002af4       0xfc ./Core/Src/spi.o
                0x0000000008002af4                HAL_SPI_MspInit
 .text.HAL_MspInit
                0x0000000008002bf0       0x50 ./Core/Src/stm32f4xx_hal_msp.o
                0x0000000008002bf0                HAL_MspInit
 .text.NMI_Handler
                0x0000000008002c40        0x6 ./Core/Src/stm32f4xx_it.o
                0x0000000008002c40                NMI_Handler
 .text.HardFault_Handler
                0x0000000008002c46        0x6 ./Core/Src/stm32f4xx_it.o
                0x0000000008002c46                HardFault_Handler
 .text.MemManage_Handler
                0x0000000008002c4c        0x6 ./Core/Src/stm32f4xx_it.o
                0x0000000008002c4c                MemManage_Handler
 .text.BusFault_Handler
                0x0000000008002c52        0x6 ./Core/Src/stm32f4xx_it.o
                0x0000000008002c52                BusFault_Handler
 .text.UsageFault_Handler
                0x0000000008002c58        0x6 ./Core/Src/stm32f4xx_it.o
                0x0000000008002c58                UsageFault_Handler
 .text.SVC_Handler
                0x0000000008002c5e        0xe ./Core/Src/stm32f4xx_it.o
                0x0000000008002c5e                SVC_Handler
 .text.DebugMon_Handler
                0x0000000008002c6c        0xe ./Core/Src/stm32f4xx_it.o
                0x0000000008002c6c                DebugMon_Handler
 .text.PendSV_Handler
                0x0000000008002c7a        0xe ./Core/Src/stm32f4xx_it.o
                0x0000000008002c7a                PendSV_Handler
 .text.SysTick_Handler
                0x0000000008002c88       0x3c ./Core/Src/stm32f4xx_it.o
                0x0000000008002c88                SysTick_Handler
 .text.EXTI3_IRQHandler
                0x0000000008002cc4        0xe ./Core/Src/stm32f4xx_it.o
                0x0000000008002cc4                EXTI3_IRQHandler
 *fill*         0x0000000008002cd2        0x2 
 .text.TIM3_IRQHandler
                0x0000000008002cd4       0x14 ./Core/Src/stm32f4xx_it.o
                0x0000000008002cd4                TIM3_IRQHandler
 .text.DMA2_Stream0_IRQHandler
                0x0000000008002ce8       0x14 ./Core/Src/stm32f4xx_it.o
                0x0000000008002ce8                DMA2_Stream0_IRQHandler
 .text._sbrk    0x0000000008002cfc       0x6c ./Core/Src/sysmem.o
                0x0000000008002cfc                _sbrk
 .text.SystemInit
                0x0000000008002d68       0x24 ./Core/Src/system_stm32f4xx.o
                0x0000000008002d68                SystemInit
 .text.MX_TIM2_Init
                0x0000000008002d8c       0x98 ./Core/Src/tim.o
                0x0000000008002d8c                MX_TIM2_Init
 .text.MX_TIM3_Init
                0x0000000008002e24       0xa8 ./Core/Src/tim.o
                0x0000000008002e24                MX_TIM3_Init
 .text.MX_TIM4_Init
                0x0000000008002ecc       0xac ./Core/Src/tim.o
                0x0000000008002ecc                MX_TIM4_Init
 .text.MX_TIM5_Init
                0x0000000008002f78       0x9c ./Core/Src/tim.o
                0x0000000008002f78                MX_TIM5_Init
 .text.HAL_TIM_Base_MspInit
                0x0000000008003014       0x6c ./Core/Src/tim.o
                0x0000000008003014                HAL_TIM_Base_MspInit
 .text.HAL_TIM_Encoder_MspInit
                0x0000000008003080       0xa0 ./Core/Src/tim.o
                0x0000000008003080                HAL_TIM_Encoder_MspInit
 .text.HAL_TIM_PWM_MspInit
                0x0000000008003120       0x44 ./Core/Src/tim.o
                0x0000000008003120                HAL_TIM_PWM_MspInit
 .text.MX_USART2_UART_Init
                0x0000000008003164       0x54 ./Core/Src/usart.o
                0x0000000008003164                MX_USART2_UART_Init
 .text.HAL_UART_MspInit
                0x00000000080031b8       0x90 ./Core/Src/usart.o
                0x00000000080031b8                HAL_UART_MspInit
 .text.Reset_Handler
                0x0000000008003248       0x50 ./Core/Startup/startup_stm32f401ccux.o
                0x0000000008003248                Reset_Handler
 .text.Default_Handler
                0x0000000008003298        0x2 ./Core/Startup/startup_stm32f401ccux.o
                0x0000000008003298                RTC_Alarm_IRQHandler
                0x0000000008003298                EXTI2_IRQHandler
                0x0000000008003298                SPI4_IRQHandler
                0x0000000008003298                TIM1_CC_IRQHandler
                0x0000000008003298                DMA2_Stream5_IRQHandler
                0x0000000008003298                DMA1_Stream5_IRQHandler
                0x0000000008003298                PVD_IRQHandler
                0x0000000008003298                SDIO_IRQHandler
                0x0000000008003298                TAMP_STAMP_IRQHandler
                0x0000000008003298                TIM1_UP_TIM10_IRQHandler
                0x0000000008003298                I2C3_ER_IRQHandler
                0x0000000008003298                EXTI0_IRQHandler
                0x0000000008003298                I2C2_EV_IRQHandler
                0x0000000008003298                DMA1_Stream2_IRQHandler
                0x0000000008003298                FPU_IRQHandler
                0x0000000008003298                DMA2_Stream2_IRQHandler
                0x0000000008003298                SPI1_IRQHandler
                0x0000000008003298                TIM1_BRK_TIM9_IRQHandler
                0x0000000008003298                DMA2_Stream3_IRQHandler
                0x0000000008003298                USART6_IRQHandler
                0x0000000008003298                TIM4_IRQHandler
                0x0000000008003298                I2C1_EV_IRQHandler
                0x0000000008003298                DMA1_Stream6_IRQHandler
                0x0000000008003298                DMA1_Stream1_IRQHandler
                0x0000000008003298                RCC_IRQHandler
                0x0000000008003298                Default_Handler
                0x0000000008003298                EXTI15_10_IRQHandler
                0x0000000008003298                ADC_IRQHandler
                0x0000000008003298                DMA1_Stream7_IRQHandler
                0x0000000008003298                TIM5_IRQHandler
                0x0000000008003298                DMA2_Stream7_IRQHandler
                0x0000000008003298                I2C3_EV_IRQHandler
                0x0000000008003298                EXTI9_5_IRQHandler
                0x0000000008003298                RTC_WKUP_IRQHandler
                0x0000000008003298                SPI2_IRQHandler
                0x0000000008003298                DMA1_Stream0_IRQHandler
                0x0000000008003298                EXTI4_IRQHandler
                0x0000000008003298                WWDG_IRQHandler
                0x0000000008003298                TIM2_IRQHandler
                0x0000000008003298                OTG_FS_WKUP_IRQHandler
                0x0000000008003298                TIM1_TRG_COM_TIM11_IRQHandler
                0x0000000008003298                EXTI1_IRQHandler
                0x0000000008003298                USART2_IRQHandler
                0x0000000008003298                I2C2_ER_IRQHandler
                0x0000000008003298                DMA2_Stream1_IRQHandler
                0x0000000008003298                FLASH_IRQHandler
                0x0000000008003298                DMA2_Stream4_IRQHandler
                0x0000000008003298                USART1_IRQHandler
                0x0000000008003298                OTG_FS_IRQHandler
                0x0000000008003298                SPI3_IRQHandler
                0x0000000008003298                DMA1_Stream4_IRQHandler
                0x0000000008003298                I2C1_ER_IRQHandler
                0x0000000008003298                DMA2_Stream6_IRQHandler
                0x0000000008003298                DMA1_Stream3_IRQHandler
 *fill*         0x000000000800329a        0x2 
 .text.HAL_Init
                0x000000000800329c       0x44 ./Drivers/STM32F4xx_HAL_Driver/Src/stm32f4xx_hal.o
                0x000000000800329c                HAL_Init
 .text.HAL_InitTick
                0x00000000080032e0       0x60 ./Drivers/STM32F4xx_HAL_Driver/Src/stm32f4xx_hal.o
                0x00000000080032e0                HAL_InitTick
 .text.HAL_IncTick
                0x0000000008003340       0x28 ./Drivers/STM32F4xx_HAL_Driver/Src/stm32f4xx_hal.o
                0x0000000008003340                HAL_IncTick
 .text.HAL_GetTick
                0x0000000008003368       0x18 ./Drivers/STM32F4xx_HAL_Driver/Src/stm32f4xx_hal.o
                0x0000000008003368                HAL_GetTick
 .text.HAL_Delay
                0x0000000008003380       0x48 ./Drivers/STM32F4xx_HAL_Driver/Src/stm32f4xx_hal.o
                0x0000000008003380                HAL_Delay
 .text.HAL_ADC_Init
                0x00000000080033c8       0x86 ./Drivers/STM32F4xx_HAL_Driver/Src/stm32f4xx_hal_adc.o
                0x00000000080033c8                HAL_ADC_Init
 *fill*         0x000000000800344e        0x2 
 .text.HAL_ADC_Start_DMA
                0x0000000008003450      0x1e0 ./Drivers/STM32F4xx_HAL_Driver/Src/stm32f4xx_hal_adc.o
                0x0000000008003450                HAL_ADC_Start_DMA
 .text.HAL_ADC_ConvCpltCallback
                0x0000000008003630       0x14 ./Drivers/STM32F4xx_HAL_Driver/Src/stm32f4xx_hal_adc.o
                0x0000000008003630                HAL_ADC_ConvCpltCallback
 .text.HAL_ADC_ConvHalfCpltCallback
                0x0000000008003644       0x14 ./Drivers/STM32F4xx_HAL_Driver/Src/stm32f4xx_hal_adc.o
                0x0000000008003644                HAL_ADC_ConvHalfCpltCallback
 .text.HAL_ADC_ErrorCallback
                0x0000000008003658       0x14 ./Drivers/STM32F4xx_HAL_Driver/Src/stm32f4xx_hal_adc.o
                0x0000000008003658                HAL_ADC_ErrorCallback
 .text.HAL_ADC_ConfigChannel
                0x000000000800366c      0x244 ./Drivers/STM32F4xx_HAL_Driver/Src/stm32f4xx_hal_adc.o
                0x000000000800366c                HAL_ADC_ConfigChannel
 .text.ADC_Init
                0x00000000080038b0      0x1f8 ./Drivers/STM32F4xx_HAL_Driver/Src/stm32f4xx_hal_adc.o
 .text.ADC_DMAConvCplt
                0x0000000008003aa8       0xba ./Drivers/STM32F4xx_HAL_Driver/Src/stm32f4xx_hal_adc.o
 .text.ADC_DMAHalfConvCplt
                0x0000000008003b62       0x1c ./Drivers/STM32F4xx_HAL_Driver/Src/stm32f4xx_hal_adc.o
 .text.ADC_DMAError
                0x0000000008003b7e       0x2e ./Drivers/STM32F4xx_HAL_Driver/Src/stm32f4xx_hal_adc.o
 .text.__NVIC_SetPriorityGrouping
                0x0000000008003bac       0x48 ./Drivers/STM32F4xx_HAL_Driver/Src/stm32f4xx_hal_cortex.o
 .text.__NVIC_GetPriorityGrouping
                0x0000000008003bf4       0x1c ./Drivers/STM32F4xx_HAL_Driver/Src/stm32f4xx_hal_cortex.o
 .text.__NVIC_EnableIRQ
                0x0000000008003c10       0x3c ./Drivers/STM32F4xx_HAL_Driver/Src/stm32f4xx_hal_cortex.o
 .text.__NVIC_SetPriority
                0x0000000008003c4c       0x54 ./Drivers/STM32F4xx_HAL_Driver/Src/stm32f4xx_hal_cortex.o
 .text.NVIC_EncodePriority
                0x0000000008003ca0       0x66 ./Drivers/STM32F4xx_HAL_Driver/Src/stm32f4xx_hal_cortex.o
 *fill*         0x0000000008003d06        0x2 
 .text.SysTick_Config
                0x0000000008003d08       0x44 ./Drivers/STM32F4xx_HAL_Driver/Src/stm32f4xx_hal_cortex.o
 .text.HAL_NVIC_SetPriorityGrouping
                0x0000000008003d4c       0x16 ./Drivers/STM32F4xx_HAL_Driver/Src/stm32f4xx_hal_cortex.o
                0x0000000008003d4c                HAL_NVIC_SetPriorityGrouping
 .text.HAL_NVIC_SetPriority
                0x0000000008003d62       0x38 ./Drivers/STM32F4xx_HAL_Driver/Src/stm32f4xx_hal_cortex.o
                0x0000000008003d62                HAL_NVIC_SetPriority
 .text.HAL_NVIC_EnableIRQ
                0x0000000008003d9a       0x1c ./Drivers/STM32F4xx_HAL_Driver/Src/stm32f4xx_hal_cortex.o
                0x0000000008003d9a                HAL_NVIC_EnableIRQ
 .text.HAL_SYSTICK_Config
                0x0000000008003db6       0x18 ./Drivers/STM32F4xx_HAL_Driver/Src/stm32f4xx_hal_cortex.o
                0x0000000008003db6                HAL_SYSTICK_Config
 *fill*         0x0000000008003dce        0x2 
 .text.HAL_DMA_Init
                0x0000000008003dd0      0x15c ./Drivers/STM32F4xx_HAL_Driver/Src/stm32f4xx_hal_dma.o
                0x0000000008003dd0                HAL_DMA_Init
 .text.HAL_DMA_Start_IT
                0x0000000008003f2c       0xb0 ./Drivers/STM32F4xx_HAL_Driver/Src/stm32f4xx_hal_dma.o
                0x0000000008003f2c                HAL_DMA_Start_IT
 .text.HAL_DMA_IRQHandler
                0x0000000008003fdc      0x314 ./Drivers/STM32F4xx_HAL_Driver/Src/stm32f4xx_hal_dma.o
                0x0000000008003fdc                HAL_DMA_IRQHandler
 .text.DMA_SetConfig
                0x00000000080042f0       0x5c ./Drivers/STM32F4xx_HAL_Driver/Src/stm32f4xx_hal_dma.o
 .text.DMA_CalcBaseAndBitshift
                0x000000000800434c       0x6c ./Drivers/STM32F4xx_HAL_Driver/Src/stm32f4xx_hal_dma.o
 .text.DMA_CheckFifoParam
                0x00000000080043b8       0xf8 ./Drivers/STM32F4xx_HAL_Driver/Src/stm32f4xx_hal_dma.o
 .text.HAL_GPIO_Init
                0x00000000080044b0      0x308 ./Drivers/STM32F4xx_HAL_Driver/Src/stm32f4xx_hal_gpio.o
                0x00000000080044b0                HAL_GPIO_Init
 .text.HAL_GPIO_ReadPin
                0x00000000080047b8       0x30 ./Drivers/STM32F4xx_HAL_Driver/Src/stm32f4xx_hal_gpio.o
                0x00000000080047b8                HAL_GPIO_ReadPin
 .text.HAL_GPIO_WritePin
                0x00000000080047e8       0x32 ./Drivers/STM32F4xx_HAL_Driver/Src/stm32f4xx_hal_gpio.o
                0x00000000080047e8                HAL_GPIO_WritePin
 *fill*         0x000000000800481a        0x2 
 .text.HAL_GPIO_EXTI_IRQHandler
                0x000000000800481c       0x30 ./Drivers/STM32F4xx_HAL_Driver/Src/stm32f4xx_hal_gpio.o
                0x000000000800481c                HAL_GPIO_EXTI_IRQHandler
 .text.HAL_RCC_OscConfig
                0x000000000800484c      0x4f0 ./Drivers/STM32F4xx_HAL_Driver/Src/stm32f4xx_hal_rcc.o
                0x000000000800484c                HAL_RCC_OscConfig
 .text.HAL_RCC_ClockConfig
                0x0000000008004d3c      0x1cc ./Drivers/STM32F4xx_HAL_Driver/Src/stm32f4xx_hal_rcc.o
                0x0000000008004d3c                HAL_RCC_ClockConfig
 .text.HAL_RCC_GetSysClockFreq
                0x0000000008004f08      0x18c ./Drivers/STM32F4xx_HAL_Driver/Src/stm32f4xx_hal_rcc.o
                0x0000000008004f08                HAL_RCC_GetSysClockFreq
 .text.HAL_RCC_GetHCLKFreq
                0x0000000008005094       0x18 ./Drivers/STM32F4xx_HAL_Driver/Src/stm32f4xx_hal_rcc.o
                0x0000000008005094                HAL_RCC_GetHCLKFreq
 .text.HAL_RCC_GetPCLK1Freq
                0x00000000080050ac       0x28 ./Drivers/STM32F4xx_HAL_Driver/Src/stm32f4xx_hal_rcc.o
                0x00000000080050ac                HAL_RCC_GetPCLK1Freq
 .text.HAL_RCC_GetPCLK2Freq
                0x00000000080050d4       0x28 ./Drivers/STM32F4xx_HAL_Driver/Src/stm32f4xx_hal_rcc.o
                0x00000000080050d4                HAL_RCC_GetPCLK2Freq
 .text.HAL_SPI_Init
                0x00000000080050fc      0x112 ./Drivers/STM32F4xx_HAL_Driver/Src/stm32f4xx_hal_spi.o
                0x00000000080050fc                HAL_SPI_Init
 .text.HAL_SPI_Transmit
                0x000000000800520e      0x278 ./Drivers/STM32F4xx_HAL_Driver/Src/stm32f4xx_hal_spi.o
                0x000000000800520e                HAL_SPI_Transmit
 .text.HAL_SPI_TransmitReceive
                0x0000000008005486      0x344 ./Drivers/STM32F4xx_HAL_Driver/Src/stm32f4xx_hal_spi.o
                0x0000000008005486                HAL_SPI_TransmitReceive
 *fill*         0x00000000080057ca        0x2 
 .text.SPI_WaitFlagStateUntilTimeout
                0x00000000080057cc      0x110 ./Drivers/STM32F4xx_HAL_Driver/Src/stm32f4xx_hal_spi.o
 .text.SPI_EndRxTxTransaction
                0x00000000080058dc       0x84 ./Drivers/STM32F4xx_HAL_Driver/Src/stm32f4xx_hal_spi.o
 .text.HAL_TIM_Base_Init
                0x0000000008005960       0x9e ./Drivers/STM32F4xx_HAL_Driver/Src/stm32f4xx_hal_tim.o
                0x0000000008005960                HAL_TIM_Base_Init
 *fill*         0x00000000080059fe        0x2 
 .text.HAL_TIM_Base_Start
                0x0000000008005a00       0xb4 ./Drivers/STM32F4xx_HAL_Driver/Src/stm32f4xx_hal_tim.o
                0x0000000008005a00                HAL_TIM_Base_Start
 .text.HAL_TIM_PWM_Init
                0x0000000008005ab4       0x9e ./Drivers/STM32F4xx_HAL_Driver/Src/stm32f4xx_hal_tim.o
                0x0000000008005ab4                HAL_TIM_PWM_Init
 *fill*         0x0000000008005b52        0x2 
 .text.HAL_TIM_PWM_Start
                0x0000000008005b54      0x160 ./Drivers/STM32F4xx_HAL_Driver/Src/stm32f4xx_hal_tim.o
                0x0000000008005b54                HAL_TIM_PWM_Start
 .text.HAL_TIM_Encoder_Init
                0x0000000008005cb4      0x14c ./Drivers/STM32F4xx_HAL_Driver/Src/stm32f4xx_hal_tim.o
                0x0000000008005cb4                HAL_TIM_Encoder_Init
 .text.HAL_TIM_Encoder_Start_IT
                0x0000000008005e00      0x15c ./Drivers/STM32F4xx_HAL_Driver/Src/stm32f4xx_hal_tim.o
                0x0000000008005e00                HAL_TIM_Encoder_Start_IT
 .text.HAL_TIM_IRQHandler
                0x0000000008005f5c      0x210 ./Drivers/STM32F4xx_HAL_Driver/Src/stm32f4xx_hal_tim.o
                0x0000000008005f5c                HAL_TIM_IRQHandler
 .text.HAL_TIM_PWM_ConfigChannel
                0x000000000800616c      0x184 ./Drivers/STM32F4xx_HAL_Driver/Src/stm32f4xx_hal_tim.o
                0x000000000800616c                HAL_TIM_PWM_ConfigChannel
 .text.HAL_TIM_ConfigClockSource
                0x00000000080062f0      0x18e ./Drivers/STM32F4xx_HAL_Driver/Src/stm32f4xx_hal_tim.o
                0x00000000080062f0                HAL_TIM_ConfigClockSource
 .text.HAL_TIM_PeriodElapsedCallback
                0x000000000800647e       0x14 ./Drivers/STM32F4xx_HAL_Driver/Src/stm32f4xx_hal_tim.o
                0x000000000800647e                HAL_TIM_PeriodElapsedCallback
 .text.HAL_TIM_OC_DelayElapsedCallback
                0x0000000008006492       0x14 ./Drivers/STM32F4xx_HAL_Driver/Src/stm32f4xx_hal_tim.o
                0x0000000008006492                HAL_TIM_OC_DelayElapsedCallback
 .text.HAL_TIM_PWM_PulseFinishedCallback
                0x00000000080064a6       0x14 ./Drivers/STM32F4xx_HAL_Driver/Src/stm32f4xx_hal_tim.o
                0x00000000080064a6                HAL_TIM_PWM_PulseFinishedCallback
 .text.HAL_TIM_TriggerCallback
                0x00000000080064ba       0x14 ./Drivers/STM32F4xx_HAL_Driver/Src/stm32f4xx_hal_tim.o
                0x00000000080064ba                HAL_TIM_TriggerCallback
 *fill*         0x00000000080064ce        0x2 
 .text.TIM_Base_SetConfig
                0x00000000080064d0      0x100 ./Drivers/STM32F4xx_HAL_Driver/Src/stm32f4xx_hal_tim.o
                0x00000000080064d0                TIM_Base_SetConfig
 .text.TIM_OC1_SetConfig
                0x00000000080065d0       0xcc ./Drivers/STM32F4xx_HAL_Driver/Src/stm32f4xx_hal_tim.o
 .text.TIM_OC2_SetConfig
                0x000000000800669c       0xd8 ./Drivers/STM32F4xx_HAL_Driver/Src/stm32f4xx_hal_tim.o
                0x000000000800669c                TIM_OC2_SetConfig
 .text.TIM_OC3_SetConfig
                0x0000000008006774       0xd4 ./Drivers/STM32F4xx_HAL_Driver/Src/stm32f4xx_hal_tim.o
 .text.TIM_OC4_SetConfig
                0x0000000008006848       0xa0 ./Drivers/STM32F4xx_HAL_Driver/Src/stm32f4xx_hal_tim.o
 .text.TIM_TI1_ConfigInputStage
                0x00000000080068e8       0x5e ./Drivers/STM32F4xx_HAL_Driver/Src/stm32f4xx_hal_tim.o
 .text.TIM_TI2_ConfigInputStage
                0x0000000008006946       0x60 ./Drivers/STM32F4xx_HAL_Driver/Src/stm32f4xx_hal_tim.o
 .text.TIM_ITRx_SetConfig
                0x00000000080069a6       0x36 ./Drivers/STM32F4xx_HAL_Driver/Src/stm32f4xx_hal_tim.o
 .text.TIM_ETR_SetConfig
                0x00000000080069dc       0x40 ./Drivers/STM32F4xx_HAL_Driver/Src/stm32f4xx_hal_tim.o
                0x00000000080069dc                TIM_ETR_SetConfig
 .text.TIM_CCxChannelCmd
                0x0000000008006a1c       0x4a ./Drivers/STM32F4xx_HAL_Driver/Src/stm32f4xx_hal_tim.o
                0x0000000008006a1c                TIM_CCxChannelCmd
 *fill*         0x0000000008006a66        0x2 
 .text.HAL_TIMEx_MasterConfigSynchronization
                0x0000000008006a68       0xdc ./Drivers/STM32F4xx_HAL_Driver/Src/stm32f4xx_hal_tim_ex.o
                0x0000000008006a68                HAL_TIMEx_MasterConfigSynchronization
 .text.HAL_TIMEx_CommutCallback
                0x0000000008006b44       0x14 ./Drivers/STM32F4xx_HAL_Driver/Src/stm32f4xx_hal_tim_ex.o
                0x0000000008006b44                HAL_TIMEx_CommutCallback
 .text.HAL_TIMEx_BreakCallback
                0x0000000008006b58       0x14 ./Drivers/STM32F4xx_HAL_Driver/Src/stm32f4xx_hal_tim_ex.o
                0x0000000008006b58                HAL_TIMEx_BreakCallback
 .text.HAL_UART_Init
                0x0000000008006b6c       0x9a ./Drivers/STM32F4xx_HAL_Driver/Src/stm32f4xx_hal_uart.o
                0x0000000008006b6c                HAL_UART_Init
 .text.HAL_UART_Transmit
                0x0000000008006c06      0x124 ./Drivers/STM32F4xx_HAL_Driver/Src/stm32f4xx_hal_uart.o
                0x0000000008006c06                HAL_UART_Transmit
 .text.HAL_UART_Receive
                0x0000000008006d2a      0x144 ./Drivers/STM32F4xx_HAL_Driver/Src/stm32f4xx_hal_uart.o
                0x0000000008006d2a                HAL_UART_Receive
 .text.UART_WaitOnFlagUntilTimeout
                0x0000000008006e6e       0xdc ./Drivers/STM32F4xx_HAL_Driver/Src/stm32f4xx_hal_uart.o
 *fill*         0x0000000008006f4a        0x2 
 .text.UART_SetConfig
                0x0000000008006f4c      0x4e8 ./Drivers/STM32F4xx_HAL_Driver/Src/stm32f4xx_hal_uart.o
 .text.MX_FATFS_Init
                0x0000000008007434       0x24 ./FATFS/App/fatfs.o
                0x0000000008007434                MX_FATFS_Init
 .text.get_fattime
                0x0000000008007458       0x10 ./FATFS/App/fatfs.o
                0x0000000008007458                get_fattime
 .text.USER_initialize
                0x0000000008007468       0x1c ./FATFS/Target/user_diskio.o
                0x0000000008007468                USER_initialize
 .text.USER_status
                0x0000000008007484       0x1c ./FATFS/Target/user_diskio.o
                0x0000000008007484                USER_status
 .text.USER_read
                0x00000000080074a0       0x26 ./FATFS/Target/user_diskio.o
                0x00000000080074a0                USER_read
 .text.USER_write
                0x00000000080074c6       0x26 ./FATFS/Target/user_diskio.o
                0x00000000080074c6                USER_write
 .text.USER_ioctl
                0x00000000080074ec       0x26 ./FATFS/Target/user_diskio.o
                0x00000000080074ec                USER_ioctl
 *fill*         0x0000000008007512        0x2 
 .text.disk_status
                0x0000000008007514       0x34 ./Middlewares/Third_Party/FatFs/src/diskio.o
                0x0000000008007514                disk_status
 .text.disk_initialize
                0x0000000008007548       0x4c ./Middlewares/Third_Party/FatFs/src/diskio.o
                0x0000000008007548                disk_initialize
 .text.disk_read
                0x0000000008007594       0x40 ./Middlewares/Third_Party/FatFs/src/diskio.o
                0x0000000008007594                disk_read
 .text.disk_write
                0x00000000080075d4       0x40 ./Middlewares/Third_Party/FatFs/src/diskio.o
                0x00000000080075d4                disk_write
 .text.disk_ioctl
                0x0000000008007614       0x3c ./Middlewares/Third_Party/FatFs/src/diskio.o
                0x0000000008007614                disk_ioctl
 .text.ld_word  0x0000000008007650       0x30 ./Middlewares/Third_Party/FatFs/src/ff.o
 .text.ld_dword
                0x0000000008007680       0x46 ./Middlewares/Third_Party/FatFs/src/ff.o
 .text.st_word  0x00000000080076c6       0x36 ./Middlewares/Third_Party/FatFs/src/ff.o
 .text.st_dword
                0x00000000080076fc       0x58 ./Middlewares/Third_Party/FatFs/src/ff.o
 .text.mem_cpy  0x0000000008007754       0x42 ./Middlewares/Third_Party/FatFs/src/ff.o
 .text.mem_set  0x0000000008007796       0x36 ./Middlewares/Third_Party/FatFs/src/ff.o
 .text.mem_cmp  0x00000000080077cc       0x4e ./Middlewares/Third_Party/FatFs/src/ff.o
 .text.chk_chr  0x000000000800781a       0x36 ./Middlewares/Third_Party/FatFs/src/ff.o
 .text.chk_lock
                0x0000000008007850       0xb8 ./Middlewares/Third_Party/FatFs/src/ff.o
 .text.enq_lock
                0x0000000008007908       0x44 ./Middlewares/Third_Party/FatFs/src/ff.o
 .text.inc_lock
                0x000000000800794c      0x11c ./Middlewares/Third_Party/FatFs/src/ff.o
 .text.dec_lock
                0x0000000008007a68       0x78 ./Middlewares/Third_Party/FatFs/src/ff.o
 .text.clear_lock
                0x0000000008007ae0       0x48 ./Middlewares/Third_Party/FatFs/src/ff.o
 .text.sync_window
                0x0000000008007b28       0x88 ./Middlewares/Third_Party/FatFs/src/ff.o
 .text.move_window
                0x0000000008007bb0       0x5a ./Middlewares/Third_Party/FatFs/src/ff.o
 *fill*         0x0000000008007c0a        0x2 
 .text.sync_fs  0x0000000008007c0c       0xe0 ./Middlewares/Third_Party/FatFs/src/ff.o
 .text.clust2sect
                0x0000000008007cec       0x3e ./Middlewares/Third_Party/FatFs/src/ff.o
 .text.get_fat  0x0000000008007d2a      0x1a8 ./Middlewares/Third_Party/FatFs/src/ff.o
 .text.put_fat  0x0000000008007ed2      0x238 ./Middlewares/Third_Party/FatFs/src/ff.o
 .text.remove_chain
                0x000000000800810a       0xca ./Middlewares/Third_Party/FatFs/src/ff.o
 .text.create_chain
                0x00000000080081d4      0x130 ./Middlewares/Third_Party/FatFs/src/ff.o
 .text.clmt_clust
                0x0000000008008304       0x70 ./Middlewares/Third_Party/FatFs/src/ff.o
 .text.dir_sdi  0x0000000008008374      0x112 ./Middlewares/Third_Party/FatFs/src/ff.o
 .text.dir_next
                0x0000000008008486      0x1ac ./Middlewares/Third_Party/FatFs/src/ff.o
 .text.dir_alloc
                0x0000000008008632       0x8e ./Middlewares/Third_Party/FatFs/src/ff.o
 .text.ld_clust
                0x00000000080086c0       0x3e ./Middlewares/Third_Party/FatFs/src/ff.o
 .text.st_clust
                0x00000000080086fe       0x40 ./Middlewares/Third_Party/FatFs/src/ff.o
 *fill*         0x000000000800873e        0x2 
 .text.cmp_lfn  0x0000000008008740       0xe0 ./Middlewares/Third_Party/FatFs/src/ff.o
 .text.pick_lfn
                0x0000000008008820       0xc8 ./Middlewares/Third_Party/FatFs/src/ff.o
 .text.put_lfn  0x00000000080088e8       0xd0 ./Middlewares/Third_Party/FatFs/src/ff.o
 .text.gen_numname
                0x00000000080089b8      0x11c ./Middlewares/Third_Party/FatFs/src/ff.o
 .text.sum_sfn  0x0000000008008ad4       0x42 ./Middlewares/Third_Party/FatFs/src/ff.o
 .text.dir_read
                0x0000000008008b16      0x14e ./Middlewares/Third_Party/FatFs/src/ff.o
 .text.dir_find
                0x0000000008008c64      0x180 ./Middlewares/Third_Party/FatFs/src/ff.o
 .text.dir_register
                0x0000000008008de4      0x1f0 ./Middlewares/Third_Party/FatFs/src/ff.o
 .text.dir_remove
                0x0000000008008fd4       0x94 ./Middlewares/Third_Party/FatFs/src/ff.o
 .text.create_name
                0x0000000008009068      0x370 ./Middlewares/Third_Party/FatFs/src/ff.o
 .text.follow_path
                0x00000000080093d8       0xec ./Middlewares/Third_Party/FatFs/src/ff.o
 .text.get_ldnumber
                0x00000000080094c4       0x88 ./Middlewares/Third_Party/FatFs/src/ff.o
 .text.check_fs
                0x000000000800954c       0xac ./Middlewares/Third_Party/FatFs/src/ff.o
 .text.find_volume
                0x00000000080095f8      0x50c ./Middlewares/Third_Party/FatFs/src/ff.o
 .text.validate
                0x0000000008009b04       0x6a ./Middlewares/Third_Party/FatFs/src/ff.o
 *fill*         0x0000000008009b6e        0x2 
 .text.f_mount  0x0000000008009b70       0x8c ./Middlewares/Third_Party/FatFs/src/ff.o
                0x0000000008009b70                f_mount
 .text.f_open   0x0000000008009bfc      0x398 ./Middlewares/Third_Party/FatFs/src/ff.o
                0x0000000008009bfc                f_open
 .text.f_write  0x0000000008009f94      0x328 ./Middlewares/Third_Party/FatFs/src/ff.o
                0x0000000008009f94                f_write
 .text.f_sync   0x000000000800a2bc       0xfc ./Middlewares/Third_Party/FatFs/src/ff.o
                0x000000000800a2bc                f_sync
 .text.f_close  0x000000000800a3b8       0x54 ./Middlewares/Third_Party/FatFs/src/ff.o
                0x000000000800a3b8                f_close
 .text.f_lseek  0x000000000800a40c      0x448 ./Middlewares/Third_Party/FatFs/src/ff.o
                0x000000000800a40c                f_lseek
 .text.f_unlink
                0x000000000800a854      0x156 ./Middlewares/Third_Party/FatFs/src/ff.o
                0x000000000800a854                f_unlink
 *fill*         0x000000000800a9aa        0x2 
 .text.FATFS_LinkDriverEx
                0x000000000800a9ac       0x98 ./Middlewares/Third_Party/FatFs/src/ff_gen_drv.o
                0x000000000800a9ac                FATFS_LinkDriverEx
 .text.FATFS_LinkDriver
                0x000000000800aa44       0x1e ./Middlewares/Third_Party/FatFs/src/ff_gen_drv.o
                0x000000000800aa44                FATFS_LinkDriver
 *fill*         0x000000000800aa62        0x2 
 .text.ff_convert
                0x000000000800aa64       0x78 ./Middlewares/Third_Party/FatFs/src/option/ccsbcs.o
                0x000000000800aa64                ff_convert
 .text.ff_wtoupper
                0x000000000800aadc      0x114 ./Middlewares/Third_Party/FatFs/src/option/ccsbcs.o
                0x000000000800aadc                ff_wtoupper
 .text.__errno  0x000000000800abf0        0xc /opt/st/stm32cubeide_1.10.1/plugins/com.st.stm32cube.ide.mcu.externaltools.gnu-tools-for-stm32.10.3-2021.10.linux64_1.0.0.202111181127/tools/bin/../lib/gcc/arm-none-eabi/10.3.1/../../../../arm-none-eabi/lib/thumb/v7e-m+fp/hard/libc_nano.a(lib_a-errno.o)
                0x000000000800abf0                __errno
 .text.__libc_init_array
                0x000000000800abfc       0x48 /opt/st/stm32cubeide_1.10.1/plugins/com.st.stm32cube.ide.mcu.externaltools.gnu-tools-for-stm32.10.3-2021.10.linux64_1.0.0.202111181127/tools/bin/../lib/gcc/arm-none-eabi/10.3.1/../../../../arm-none-eabi/lib/thumb/v7e-m+fp/hard/libc_nano.a(lib_a-init.o)
                0x000000000800abfc                __libc_init_array
 .text.memset   0x000000000800ac44       0x10 /opt/st/stm32cubeide_1.10.1/plugins/com.st.stm32cube.ide.mcu.externaltools.gnu-tools-for-stm32.10.3-2021.10.linux64_1.0.0.202111181127/tools/bin/../lib/gcc/arm-none-eabi/10.3.1/../../../../arm-none-eabi/lib/thumb/v7e-m+fp/hard/libc_nano.a(lib_a-memset.o)
                0x000000000800ac44                memset
 .text.sprintf  0x000000000800ac54       0x40 /opt/st/stm32cubeide_1.10.1/plugins/com.st.stm32cube.ide.mcu.externaltools.gnu-tools-for-stm32.10.3-2021.10.linux64_1.0.0.202111181127/tools/bin/../lib/gcc/arm-none-eabi/10.3.1/../../../../arm-none-eabi/lib/thumb/v7e-m+fp/hard/libc_nano.a(lib_a-sprintf.o)
                0x000000000800ac54                sprintf
                0x000000000800ac54                siprintf
 .text.__retarget_lock_acquire_recursive
                0x000000000800ac94        0x2 /opt/st/stm32cubeide_1.10.1/plugins/com.st.stm32cube.ide.mcu.externaltools.gnu-tools-for-stm32.10.3-2021.10.linux64_1.0.0.202111181127/tools/bin/../lib/gcc/arm-none-eabi/10.3.1/../../../../arm-none-eabi/lib/thumb/v7e-m+fp/hard/libc_nano.a(lib_a-lock.o)
                0x000000000800ac94                __retarget_lock_acquire_recursive
 .text.__retarget_lock_release_recursive
                0x000000000800ac96        0x2 /opt/st/stm32cubeide_1.10.1/plugins/com.st.stm32cube.ide.mcu.externaltools.gnu-tools-for-stm32.10.3-2021.10.linux64_1.0.0.202111181127/tools/bin/../lib/gcc/arm-none-eabi/10.3.1/../../../../arm-none-eabi/lib/thumb/v7e-m+fp/hard/libc_nano.a(lib_a-lock.o)
                0x000000000800ac96                __retarget_lock_release_recursive
 .text._free_r  0x000000000800ac98       0x98 /opt/st/stm32cubeide_1.10.1/plugins/com.st.stm32cube.ide.mcu.externaltools.gnu-tools-for-stm32.10.3-2021.10.linux64_1.0.0.202111181127/tools/bin/../lib/gcc/arm-none-eabi/10.3.1/../../../../arm-none-eabi/lib/thumb/v7e-m+fp/hard/libc_nano.a(lib_a-nano-freer.o)
                0x000000000800ac98                _free_r
 .text.sbrk_aligned
                0x000000000800ad30       0x40 /opt/st/stm32cubeide_1.10.1/plugins/com.st.stm32cube.ide.mcu.externaltools.gnu-tools-for-stm32.10.3-2021.10.linux64_1.0.0.202111181127/tools/bin/../lib/gcc/arm-none-eabi/10.3.1/../../../../arm-none-eabi/lib/thumb/v7e-m+fp/hard/libc_nano.a(lib_a-nano-mallocr.o)
 .text._malloc_r
                0x000000000800ad70       0xe8 /opt/st/stm32cubeide_1.10.1/plugins/com.st.stm32cube.ide.mcu.externaltools.gnu-tools-for-stm32.10.3-2021.10.linux64_1.0.0.202111181127/tools/bin/../lib/gcc/arm-none-eabi/10.3.1/../../../../arm-none-eabi/lib/thumb/v7e-m+fp/hard/libc_nano.a(lib_a-nano-mallocr.o)
                0x000000000800ad70                _malloc_r
 .text.__ssputs_r
                0x000000000800ae58       0xb6 /opt/st/stm32cubeide_1.10.1/plugins/com.st.stm32cube.ide.mcu.externaltools.gnu-tools-for-stm32.10.3-2021.10.linux64_1.0.0.202111181127/tools/bin/../lib/gcc/arm-none-eabi/10.3.1/../../../../arm-none-eabi/lib/thumb/v7e-m+fp/hard/libc_nano.a(lib_a-nano-svfprintf.o)
                0x000000000800ae58                __ssputs_r
 *fill*         0x000000000800af0e        0x2 
 .text._svfprintf_r
                0x000000000800af10      0x200 /opt/st/stm32cubeide_1.10.1/plugins/com.st.stm32cube.ide.mcu.externaltools.gnu-tools-for-stm32.10.3-2021.10.linux64_1.0.0.202111181127/tools/bin/../lib/gcc/arm-none-eabi/10.3.1/../../../../arm-none-eabi/lib/thumb/v7e-m+fp/hard/libc_nano.a(lib_a-nano-svfprintf.o)
                0x000000000800af10                _svfprintf_r
                0x000000000800af10                _svfiprintf_r
 .text._printf_common
                0x000000000800b110       0xda /opt/st/stm32cubeide_1.10.1/plugins/com.st.stm32cube.ide.mcu.externaltools.gnu-tools-for-stm32.10.3-2021.10.linux64_1.0.0.202111181127/tools/bin/../lib/gcc/arm-none-eabi/10.3.1/../../../../arm-none-eabi/lib/thumb/v7e-m+fp/hard/libc_nano.a(lib_a-nano-vfprintf_i.o)
                0x000000000800b110                _printf_common
 *fill*         0x000000000800b1ea        0x2 
 .text._printf_i
                0x000000000800b1ec      0x24c /opt/st/stm32cubeide_1.10.1/plugins/com.st.stm32cube.ide.mcu.externaltools.gnu-tools-for-stm32.10.3-2021.10.linux64_1.0.0.202111181127/tools/bin/../lib/gcc/arm-none-eabi/10.3.1/../../../../arm-none-eabi/lib/thumb/v7e-m+fp/hard/libc_nano.a(lib_a-nano-vfprintf_i.o)
                0x000000000800b1ec                _printf_i
 .text._sbrk_r  0x000000000800b438       0x20 /opt/st/stm32cubeide_1.10.1/plugins/com.st.stm32cube.ide.mcu.externaltools.gnu-tools-for-stm32.10.3-2021.10.linux64_1.0.0.202111181127/tools/bin/../lib/gcc/arm-none-eabi/10.3.1/../../../../arm-none-eabi/lib/thumb/v7e-m+fp/hard/libc_nano.a(lib_a-sbrkr.o)
                0x000000000800b438                _sbrk_r
 .text.memcpy   0x000000000800b458       0x1c /opt/st/stm32cubeide_1.10.1/plugins/com.st.stm32cube.ide.mcu.externaltools.gnu-tools-for-stm32.10.3-2021.10.linux64_1.0.0.202111181127/tools/bin/../lib/gcc/arm-none-eabi/10.3.1/../../../../arm-none-eabi/lib/thumb/v7e-m+fp/hard/libc_nano.a(lib_a-memcpy-stub.o)
                0x000000000800b458                memcpy
 .text.memmove  0x000000000800b474       0x34 /opt/st/stm32cubeide_1.10.1/plugins/com.st.stm32cube.ide.mcu.externaltools.gnu-tools-for-stm32.10.3-2021.10.linux64_1.0.0.202111181127/tools/bin/../lib/gcc/arm-none-eabi/10.3.1/../../../../arm-none-eabi/lib/thumb/v7e-m+fp/hard/libc_nano.a(lib_a-memmove.o)
                0x000000000800b474                memmove
 .text.__malloc_lock
                0x000000000800b4a8        0xc /opt/st/stm32cubeide_1.10.1/plugins/com.st.stm32cube.ide.mcu.externaltools.gnu-tools-for-stm32.10.3-2021.10.linux64_1.0.0.202111181127/tools/bin/../lib/gcc/arm-none-eabi/10.3.1/../../../../arm-none-eabi/lib/thumb/v7e-m+fp/hard/libc_nano.a(lib_a-mlock.o)
                0x000000000800b4a8                __malloc_lock
 .text.__malloc_unlock
                0x000000000800b4b4        0xc /opt/st/stm32cubeide_1.10.1/plugins/com.st.stm32cube.ide.mcu.externaltools.gnu-tools-for-stm32.10.3-2021.10.linux64_1.0.0.202111181127/tools/bin/../lib/gcc/arm-none-eabi/10.3.1/../../../../arm-none-eabi/lib/thumb/v7e-m+fp/hard/libc_nano.a(lib_a-mlock.o)
                0x000000000800b4b4                __malloc_unlock
 .text._realloc_r
                0x000000000800b4c0       0x5e /opt/st/stm32cubeide_1.10.1/plugins/com.st.stm32cube.ide.mcu.externaltools.gnu-tools-for-stm32.10.3-2021.10.linux64_1.0.0.202111181127/tools/bin/../lib/gcc/arm-none-eabi/10.3.1/../../../../arm-none-eabi/lib/thumb/v7e-m+fp/hard/libc_nano.a(lib_a-nano-reallocr.o)
                0x000000000800b4c0                _realloc_r
 .text._malloc_usable_size_r
                0x000000000800b51e       0x10 /opt/st/stm32cubeide_1.10.1/plugins/com.st.stm32cube.ide.mcu.externaltools.gnu-tools-for-stm32.10.3-2021.10.linux64_1.0.0.202111181127/tools/bin/../lib/gcc/arm-none-eabi/10.3.1/../../../../arm-none-eabi/lib/thumb/v7e-m+fp/hard/libc_nano.a(lib_a-nano-msizer.o)
                0x000000000800b51e                _malloc_usable_size_r
 *(.glue_7)
 .glue_7        0x000000000800b52e        0x0 linker stubs
 *(.glue_7t)
 .glue_7t       0x000000000800b52e        0x0 linker stubs
 *(.eh_frame)
 *fill*         0x000000000800b52e        0x2 
 .eh_frame      0x000000000800b530        0x0 /opt/st/stm32cubeide_1.10.1/plugins/com.st.stm32cube.ide.mcu.externaltools.gnu-tools-for-stm32.10.3-2021.10.linux64_1.0.0.202111181127/tools/bin/../lib/gcc/arm-none-eabi/10.3.1/thumb/v7e-m+fp/hard/crtbegin.o
 *(.init)
 .init          0x000000000800b530        0x4 /opt/st/stm32cubeide_1.10.1/plugins/com.st.stm32cube.ide.mcu.externaltools.gnu-tools-for-stm32.10.3-2021.10.linux64_1.0.0.202111181127/tools/bin/../lib/gcc/arm-none-eabi/10.3.1/thumb/v7e-m+fp/hard/crti.o
                0x000000000800b530                _init
 .init          0x000000000800b534        0x8 /opt/st/stm32cubeide_1.10.1/plugins/com.st.stm32cube.ide.mcu.externaltools.gnu-tools-for-stm32.10.3-2021.10.linux64_1.0.0.202111181127/tools/bin/../lib/gcc/arm-none-eabi/10.3.1/thumb/v7e-m+fp/hard/crtn.o
 *(.fini)
 .fini          0x000000000800b53c        0x4 /opt/st/stm32cubeide_1.10.1/plugins/com.st.stm32cube.ide.mcu.externaltools.gnu-tools-for-stm32.10.3-2021.10.linux64_1.0.0.202111181127/tools/bin/../lib/gcc/arm-none-eabi/10.3.1/thumb/v7e-m+fp/hard/crti.o
                0x000000000800b53c                _fini
 .fini          0x000000000800b540        0x8 /opt/st/stm32cubeide_1.10.1/plugins/com.st.stm32cube.ide.mcu.externaltools.gnu-tools-for-stm32.10.3-2021.10.linux64_1.0.0.202111181127/tools/bin/../lib/gcc/arm-none-eabi/10.3.1/thumb/v7e-m+fp/hard/crtn.o
                0x000000000800b548                . = ALIGN (0x4)
                0x000000000800b548                _etext = .

.vfp11_veneer   0x000000000800b548        0x0
 .vfp11_veneer  0x000000000800b548        0x0 linker stubs

.v4_bx          0x000000000800b548        0x0
 .v4_bx         0x000000000800b548        0x0 linker stubs

.iplt           0x000000000800b548        0x0
 .iplt          0x000000000800b548        0x0 /opt/st/stm32cubeide_1.10.1/plugins/com.st.stm32cube.ide.mcu.externaltools.gnu-tools-for-stm32.10.3-2021.10.linux64_1.0.0.202111181127/tools/bin/../lib/gcc/arm-none-eabi/10.3.1/thumb/v7e-m+fp/hard/crtbegin.o

.rodata         0x000000000800b548     0x2c2c
                0x000000000800b548                . = ALIGN (0x4)
 *(.rodata)
 .rodata        0x000000000800b548        0x2 ./Core/Src/SD_card.o
 *fill*         0x000000000800b54a        0x2 
 .rodata        0x000000000800b54c        0xf ./Core/Src/main.o
 *fill*         0x000000000800b55b        0x1 
 .rodata        0x000000000800b55c       0x44 ./Core/Src/menu.o
 .rodata        0x000000000800b5a0       0x48 ./Middlewares/Third_Party/FatFs/src/ff.o
 *(.rodata*)
 .rodata.Font16_Table
                0x000000000800b5e8      0xbe0 ./Core/Src/font16.o
                0x000000000800b5e8                Font16_Table
 .rodata.Font24_Table
                0x000000000800c1c8     0x1ab8 ./Core/Src/font24.o
                0x000000000800c1c8                Font24_Table
 .rodata.AHBPrescTable
                0x000000000800dc80       0x10 ./Core/Src/system_stm32f4xx.o
                0x000000000800dc80                AHBPrescTable
 .rodata.APBPrescTable
                0x000000000800dc90        0x8 ./Core/Src/system_stm32f4xx.o
                0x000000000800dc90                APBPrescTable
 .rodata.flagBitshiftOffset.0
                0x000000000800dc98        0x8 ./Drivers/STM32F4xx_HAL_Driver/Src/stm32f4xx_hal_dma.o
 .rodata.ExCvt  0x000000000800dca0       0x80 ./Middlewares/Third_Party/FatFs/src/ff.o
 .rodata.LfnOfs
                0x000000000800dd20        0xd ./Middlewares/Third_Party/FatFs/src/ff.o
 *fill*         0x000000000800dd2d        0x3 
 .rodata.Tbl    0x000000000800dd30      0x100 ./Middlewares/Third_Party/FatFs/src/option/ccsbcs.o
 .rodata.cvt1.1
                0x000000000800de30      0x1f2 ./Middlewares/Third_Party/FatFs/src/option/ccsbcs.o
 *fill*         0x000000000800e022        0x2 
 .rodata.cvt2.0
                0x000000000800e024       0xbc ./Middlewares/Third_Party/FatFs/src/option/ccsbcs.o
 .rodata.__sf_fake_stderr
                0x000000000800e0e0       0x20 /opt/st/stm32cubeide_1.10.1/plugins/com.st.stm32cube.ide.mcu.externaltools.gnu-tools-for-stm32.10.3-2021.10.linux64_1.0.0.202111181127/tools/bin/../lib/gcc/arm-none-eabi/10.3.1/../../../../arm-none-eabi/lib/thumb/v7e-m+fp/hard/libc_nano.a(lib_a-findfp.o)
                0x000000000800e0e0                __sf_fake_stderr
 .rodata.__sf_fake_stdin
                0x000000000800e100       0x20 /opt/st/stm32cubeide_1.10.1/plugins/com.st.stm32cube.ide.mcu.externaltools.gnu-tools-for-stm32.10.3-2021.10.linux64_1.0.0.202111181127/tools/bin/../lib/gcc/arm-none-eabi/10.3.1/../../../../arm-none-eabi/lib/thumb/v7e-m+fp/hard/libc_nano.a(lib_a-findfp.o)
                0x000000000800e100                __sf_fake_stdin
 .rodata.__sf_fake_stdout
                0x000000000800e120       0x20 /opt/st/stm32cubeide_1.10.1/plugins/com.st.stm32cube.ide.mcu.externaltools.gnu-tools-for-stm32.10.3-2021.10.linux64_1.0.0.202111181127/tools/bin/../lib/gcc/arm-none-eabi/10.3.1/../../../../arm-none-eabi/lib/thumb/v7e-m+fp/hard/libc_nano.a(lib_a-findfp.o)
                0x000000000800e120                __sf_fake_stdout
 .rodata._svfprintf_r.str1.1
                0x000000000800e140       0x11 /opt/st/stm32cubeide_1.10.1/plugins/com.st.stm32cube.ide.mcu.externaltools.gnu-tools-for-stm32.10.3-2021.10.linux64_1.0.0.202111181127/tools/bin/../lib/gcc/arm-none-eabi/10.3.1/../../../../arm-none-eabi/lib/thumb/v7e-m+fp/hard/libc_nano.a(lib_a-nano-svfprintf.o)
 .rodata._printf_i.str1.1
                0x000000000800e151       0x22 /opt/st/stm32cubeide_1.10.1/plugins/com.st.stm32cube.ide.mcu.externaltools.gnu-tools-for-stm32.10.3-2021.10.linux64_1.0.0.202111181127/tools/bin/../lib/gcc/arm-none-eabi/10.3.1/../../../../arm-none-eabi/lib/thumb/v7e-m+fp/hard/libc_nano.a(lib_a-nano-vfprintf_i.o)
                0x000000000800e174                . = ALIGN (0x4)
 *fill*         0x000000000800e173        0x1 

.ARM.extab      0x000000000800e174        0x0
                0x000000000800e174                . = ALIGN (0x4)
 *(.ARM.extab* .gnu.linkonce.armextab.*)
                0x000000000800e174                . = ALIGN (0x4)

.ARM            0x000000000800e174        0x8
                0x000000000800e174                . = ALIGN (0x4)
                0x000000000800e174                __exidx_start = .
 *(.ARM.exidx*)
 .ARM.exidx     0x000000000800e174        0x8 /opt/st/stm32cubeide_1.10.1/plugins/com.st.stm32cube.ide.mcu.externaltools.gnu-tools-for-stm32.10.3-2021.10.linux64_1.0.0.202111181127/tools/bin/../lib/gcc/arm-none-eabi/10.3.1/thumb/v7e-m+fp/hard/libgcc.a(_udivmoddi4.o)
                0x000000000800e17c                __exidx_end = .
                0x000000000800e17c                . = ALIGN (0x4)

.rel.dyn        0x000000000800e17c        0x0
 .rel.iplt      0x000000000800e17c        0x0 /opt/st/stm32cubeide_1.10.1/plugins/com.st.stm32cube.ide.mcu.externaltools.gnu-tools-for-stm32.10.3-2021.10.linux64_1.0.0.202111181127/tools/bin/../lib/gcc/arm-none-eabi/10.3.1/thumb/v7e-m+fp/hard/crtbegin.o

.preinit_array  0x000000000800e17c        0x0
                0x000000000800e17c                . = ALIGN (0x4)
                0x000000000800e17c                PROVIDE (__preinit_array_start = .)
 *(.preinit_array*)
                0x000000000800e17c                PROVIDE (__preinit_array_end = .)
                0x000000000800e17c                . = ALIGN (0x4)

.init_array     0x000000000800e17c        0x4
                0x000000000800e17c                . = ALIGN (0x4)
                0x000000000800e17c                PROVIDE (__init_array_start = .)
 *(SORT_BY_NAME(.init_array.*))
 *(.init_array*)
 .init_array    0x000000000800e17c        0x4 /opt/st/stm32cubeide_1.10.1/plugins/com.st.stm32cube.ide.mcu.externaltools.gnu-tools-for-stm32.10.3-2021.10.linux64_1.0.0.202111181127/tools/bin/../lib/gcc/arm-none-eabi/10.3.1/thumb/v7e-m+fp/hard/crtbegin.o
                0x000000000800e180                PROVIDE (__init_array_end = .)
                0x000000000800e180                . = ALIGN (0x4)

.fini_array     0x000000000800e180        0x4
                0x000000000800e180                . = ALIGN (0x4)
                [!provide]                        PROVIDE (__fini_array_start = .)
 *(SORT_BY_NAME(.fini_array.*))
 *(.fini_array*)
 .fini_array    0x000000000800e180        0x4 /opt/st/stm32cubeide_1.10.1/plugins/com.st.stm32cube.ide.mcu.externaltools.gnu-tools-for-stm32.10.3-2021.10.linux64_1.0.0.202111181127/tools/bin/../lib/gcc/arm-none-eabi/10.3.1/thumb/v7e-m+fp/hard/crtbegin.o
                [!provide]                        PROVIDE (__fini_array_end = .)
                0x000000000800e184                . = ALIGN (0x4)
                0x000000000800e184                _sidata = LOADADDR (.data)

.data           0x0000000020000000      0x138 load address 0x000000000800e184
                0x0000000020000000                . = ALIGN (0x4)
                0x0000000020000000                _sdata = .
 *(.data)
 *(.data*)
 .data.key_next_func
                0x0000000020000000        0x4 ./Core/Src/common.o
                0x0000000020000000                key_next_func
 .data.key_prev_func
                0x0000000020000004        0x4 ./Core/Src/common.o
                0x0000000020000004                key_prev_func
 .data.key_enter_func
                0x0000000020000008        0x4 ./Core/Src/common.o
                0x0000000020000008                key_enter_func
 .data.Stat     0x000000002000000c        0x1 ./Core/Src/fatfs_sd.o
 *fill*         0x000000002000000d        0x3 
 .data.Font16   0x0000000020000010        0x8 ./Core/Src/font16.o
                0x0000000020000010                Font16
 .data.Font24   0x0000000020000018        0x8 ./Core/Src/font24.o
                0x0000000020000018                Font24
 .data.datatransmision
                0x0000000020000020        0x1 ./Core/Src/main.o
                0x0000000020000020                datatransmision
 *fill*         0x0000000020000021        0x3 
 .data.menu1    0x0000000020000024       0x18 ./Core/Src/menu.o
                0x0000000020000024                menu1
 .data.menu2    0x000000002000003c       0x18 ./Core/Src/menu.o
                0x000000002000003c                menu2
 .data.menu3    0x0000000020000054       0x18 ./Core/Src/menu.o
                0x0000000020000054                menu3
 .data.menu4    0x000000002000006c       0x18 ./Core/Src/menu.o
                0x000000002000006c                menu4
 .data.menu5    0x0000000020000084       0x18 ./Core/Src/menu.o
                0x0000000020000084                menu5
 .data.currentPointer
                0x000000002000009c        0x4 ./Core/Src/menu.o
                0x000000002000009c                currentPointer
 .data.CurrentPointerPosition
                0x00000000200000a0        0x1 ./Core/Src/menu.o
                0x00000000200000a0                CurrentPointerPosition
 *fill*         0x00000000200000a1        0x3 
 .data.stringPosY
                0x00000000200000a4        0x5 ./Core/Src/menu.o
                0x00000000200000a4                stringPosY
 *fill*         0x00000000200000a9        0x3 
 .data.stringPosX
                0x00000000200000ac        0x5 ./Core/Src/menu.o
                0x00000000200000ac                stringPosX
 *fill*         0x00000000200000b1        0x3 
 .data.SystemCoreClock
                0x00000000200000b4        0x4 ./Core/Src/system_stm32f4xx.o
                0x00000000200000b4                SystemCoreClock
 .data.uwTickPrio
                0x00000000200000b8        0x4 ./Drivers/STM32F4xx_HAL_Driver/Src/stm32f4xx_hal.o
                0x00000000200000b8                uwTickPrio
 .data.uwTickFreq
                0x00000000200000bc        0x1 ./Drivers/STM32F4xx_HAL_Driver/Src/stm32f4xx_hal.o
                0x00000000200000bc                uwTickFreq
 *fill*         0x00000000200000bd        0x3 
 .data.USER_Driver
                0x00000000200000c0       0x14 ./FATFS/Target/user_diskio.o
                0x00000000200000c0                USER_Driver
 .data._impure_ptr
                0x00000000200000d4        0x4 /opt/st/stm32cubeide_1.10.1/plugins/com.st.stm32cube.ide.mcu.externaltools.gnu-tools-for-stm32.10.3-2021.10.linux64_1.0.0.202111181127/tools/bin/../lib/gcc/arm-none-eabi/10.3.1/../../../../arm-none-eabi/lib/thumb/v7e-m+fp/hard/libc_nano.a(lib_a-impure.o)
                0x00000000200000d4                _impure_ptr
 .data.impure_data
                0x00000000200000d8       0x60 /opt/st/stm32cubeide_1.10.1/plugins/com.st.stm32cube.ide.mcu.externaltools.gnu-tools-for-stm32.10.3-2021.10.linux64_1.0.0.202111181127/tools/bin/../lib/gcc/arm-none-eabi/10.3.1/../../../../arm-none-eabi/lib/thumb/v7e-m+fp/hard/libc_nano.a(lib_a-impure.o)
 *(.RamFunc)
 *(.RamFunc*)
                0x0000000020000138                . = ALIGN (0x4)
                0x0000000020000138                _edata = .

.igot.plt       0x0000000020000138        0x0 load address 0x000000000800e2bc
 .igot.plt      0x0000000020000138        0x0 /opt/st/stm32cubeide_1.10.1/plugins/com.st.stm32cube.ide.mcu.externaltools.gnu-tools-for-stm32.10.3-2021.10.linux64_1.0.0.202111181127/tools/bin/../lib/gcc/arm-none-eabi/10.3.1/thumb/v7e-m+fp/hard/crtbegin.o
                0x0000000020000138                . = ALIGN (0x4)

.bss            0x0000000020000138     0x3e50 load address 0x000000000800e2bc
                0x0000000020000138                _sbss = .
                0x0000000020000138                __bss_start__ = _sbss
 *(.bss)
 .bss           0x0000000020000138       0x1c /opt/st/stm32cubeide_1.10.1/plugins/com.st.stm32cube.ide.mcu.externaltools.gnu-tools-for-stm32.10.3-2021.10.linux64_1.0.0.202111181127/tools/bin/../lib/gcc/arm-none-eabi/10.3.1/thumb/v7e-m+fp/hard/crtbegin.o
 *(.bss*)
 .bss.sLCD_DIS  0x0000000020000154        0xa ./Core/Src/LCD.o
                0x0000000020000154                sLCD_DIS
 *fill*         0x000000002000015e        0x2 
 .bss.SD        0x0000000020000160     0x3088 ./Core/Src/SD_card.o
                0x0000000020000160                SD
 .bss.fresult   0x00000000200031e8        0x1 ./Core/Src/SD_card.o
                0x00000000200031e8                fresult
 *fill*         0x00000000200031e9        0x3 
 .bss.hadc1     0x00000000200031ec       0x48 ./Core/Src/adc.o
                0x00000000200031ec                hadc1
 .bss.hdma_adc1
                0x0000000020003234       0x60 ./Core/Src/adc.o
                0x0000000020003234                hdma_adc1
 .bss.Timer1    0x0000000020003294        0x2 ./Core/Src/fatfs_sd.o
                0x0000000020003294                Timer1
 .bss.Timer2    0x0000000020003296        0x2 ./Core/Src/fatfs_sd.o
                0x0000000020003296                Timer2
 .bss.CardType  0x0000000020003298        0x1 ./Core/Src/fatfs_sd.o
 .bss.PowerFlag
                0x0000000020003299        0x1 ./Core/Src/fatfs_sd.o
 .bss.BLstatus  0x000000002000329a        0x1 ./Core/Src/main.o
                0x000000002000329a                BLstatus
 .bss.SDstatus  0x000000002000329b        0x1 ./Core/Src/main.o
                0x000000002000329b                SDstatus
 .bss.RSTstatus
                0x000000002000329c        0x1 ./Core/Src/main.o
                0x000000002000329c                RSTstatus
 .bss.RST       0x000000002000329d        0x1 ./Core/Src/main.o
                0x000000002000329d                RST
 .bss.clearSDflag
                0x000000002000329e        0x1 ./Core/Src/main.o
                0x000000002000329e                clearSDflag
 .bss.firstconversion
                0x000000002000329f        0x1 ./Core/Src/main.o
                0x000000002000329f                firstconversion
 .bss.secondconversion
                0x00000000200032a0        0x1 ./Core/Src/main.o
                0x00000000200032a0                secondconversion
 *fill*         0x00000000200032a1        0x3 
 .bss.dma_buf   0x00000000200032a4      0x7d0 ./Core/Src/main.o
                0x00000000200032a4                dma_buf
 .bss.tempconv  0x0000000020003a74        0x4 ./Core/Src/main.o
                0x0000000020003a74                tempconv
 .bss.t1        0x0000000020003a78        0x4 ./Core/Src/main.o
                0x0000000020003a78                t1
 .bss.t2        0x0000000020003a7c        0x4 ./Core/Src/main.o
                0x0000000020003a7c                t2
 .bss.Bluetooth
                0x0000000020003a80       0x7d ./Core/Src/main.o
                0x0000000020003a80                Bluetooth
 *fill*         0x0000000020003afd        0x3 
 .bss.enc_time  0x0000000020003b00        0x4 ./Core/Src/main.o
                0x0000000020003b00                enc_time
 .bss.enc_rot   0x0000000020003b04        0x2 ./Core/Src/main.o
                0x0000000020003b04                enc_rot
 *fill*         0x0000000020003b06        0x2 
 .bss.prev_time.0
                0x0000000020003b08        0x4 ./Core/Src/main.o
 .bss.structarray
                0x0000000020003b0c       0x14 ./Core/Src/menu.o
                0x0000000020003b0c                structarray
 .bss.hspi1     0x0000000020003b20       0x58 ./Core/Src/spi.o
                0x0000000020003b20                hspi1
 .bss.hspi2     0x0000000020003b78       0x58 ./Core/Src/spi.o
                0x0000000020003b78                hspi2
 .bss.__sbrk_heap_end
                0x0000000020003bd0        0x4 ./Core/Src/sysmem.o
 .bss.htim2     0x0000000020003bd4       0x48 ./Core/Src/tim.o
                0x0000000020003bd4                htim2
 .bss.htim3     0x0000000020003c1c       0x48 ./Core/Src/tim.o
                0x0000000020003c1c                htim3
 .bss.htim4     0x0000000020003c64       0x48 ./Core/Src/tim.o
                0x0000000020003c64                htim4
 .bss.htim5     0x0000000020003cac       0x48 ./Core/Src/tim.o
                0x0000000020003cac                htim5
 .bss.huart2    0x0000000020003cf4       0x44 ./Core/Src/usart.o
                0x0000000020003cf4                huart2
 .bss.uwTick    0x0000000020003d38        0x4 ./Drivers/STM32F4xx_HAL_Driver/Src/stm32f4xx_hal.o
                0x0000000020003d38                uwTick
 .bss.retUSER   0x0000000020003d3c        0x1 ./FATFS/App/fatfs.o
                0x0000000020003d3c                retUSER
 *fill*         0x0000000020003d3d        0x3 
 .bss.USERPath  0x0000000020003d40        0x4 ./FATFS/App/fatfs.o
                0x0000000020003d40                USERPath
 .bss.FatFs     0x0000000020003d44        0x4 ./Middlewares/Third_Party/FatFs/src/ff.o
 .bss.Fsid      0x0000000020003d48        0x2 ./Middlewares/Third_Party/FatFs/src/ff.o
 *fill*         0x0000000020003d4a        0x2 
 .bss.Files     0x0000000020003d4c       0x20 ./Middlewares/Third_Party/FatFs/src/ff.o
 .bss.LfnBuf    0x0000000020003d6c      0x200 ./Middlewares/Third_Party/FatFs/src/ff.o
 .bss.disk      0x0000000020003f6c        0xc ./Middlewares/Third_Party/FatFs/src/ff_gen_drv.o
                0x0000000020003f6c                disk
 .bss.__lock___malloc_recursive_mutex
                0x0000000020003f78        0x1 /opt/st/stm32cubeide_1.10.1/plugins/com.st.stm32cube.ide.mcu.externaltools.gnu-tools-for-stm32.10.3-2021.10.linux64_1.0.0.202111181127/tools/bin/../lib/gcc/arm-none-eabi/10.3.1/../../../../arm-none-eabi/lib/thumb/v7e-m+fp/hard/libc_nano.a(lib_a-lock.o)
                0x0000000020003f78                __lock___malloc_recursive_mutex
 *fill*         0x0000000020003f79        0x3 
 .bss.__malloc_free_list
                0x0000000020003f7c        0x4 /opt/st/stm32cubeide_1.10.1/plugins/com.st.stm32cube.ide.mcu.externaltools.gnu-tools-for-stm32.10.3-2021.10.linux64_1.0.0.202111181127/tools/bin/../lib/gcc/arm-none-eabi/10.3.1/../../../../arm-none-eabi/lib/thumb/v7e-m+fp/hard/libc_nano.a(lib_a-nano-mallocr.o)
                0x0000000020003f7c                __malloc_free_list
 .bss.__malloc_sbrk_start
                0x0000000020003f80        0x4 /opt/st/stm32cubeide_1.10.1/plugins/com.st.stm32cube.ide.mcu.externaltools.gnu-tools-for-stm32.10.3-2021.10.linux64_1.0.0.202111181127/tools/bin/../lib/gcc/arm-none-eabi/10.3.1/../../../../arm-none-eabi/lib/thumb/v7e-m+fp/hard/libc_nano.a(lib_a-nano-mallocr.o)
                0x0000000020003f80                __malloc_sbrk_start
 .bss.errno     0x0000000020003f84        0x4 /opt/st/stm32cubeide_1.10.1/plugins/com.st.stm32cube.ide.mcu.externaltools.gnu-tools-for-stm32.10.3-2021.10.linux64_1.0.0.202111181127/tools/bin/../lib/gcc/arm-none-eabi/10.3.1/../../../../arm-none-eabi/lib/thumb/v7e-m+fp/hard/libc_nano.a(lib_a-reent.o)
                0x0000000020003f84                errno
 *(COMMON)
                0x0000000020003f88                . = ALIGN (0x4)
                0x0000000020003f88                _ebss = .
                0x0000000020003f88                __bss_end__ = _ebss

._user_heap_stack
                0x0000000020003f88      0x600 load address 0x000000000800e2bc
                0x0000000020003f88                . = ALIGN (0x8)
                [!provide]                        PROVIDE (end = .)
                0x0000000020003f88                PROVIDE (_end = .)
                0x0000000020004188                . = (. + _Min_Heap_Size)
 *fill*         0x0000000020003f88      0x200 
                0x0000000020004588                . = (. + _Min_Stack_Size)
 *fill*         0x0000000020004188      0x400 
                0x0000000020004588                . = ALIGN (0x8)

/DISCARD/
 libc.a(*)
 libm.a(*)
 libgcc.a(*)

.ARM.attributes
                0x0000000000000000       0x30
 *(.ARM.attributes)
 .ARM.attributes
                0x0000000000000000       0x1e /opt/st/stm32cubeide_1.10.1/plugins/com.st.stm32cube.ide.mcu.externaltools.gnu-tools-for-stm32.10.3-2021.10.linux64_1.0.0.202111181127/tools/bin/../lib/gcc/arm-none-eabi/10.3.1/thumb/v7e-m+fp/hard/crti.o
 .ARM.attributes
                0x000000000000001e       0x34 /opt/st/stm32cubeide_1.10.1/plugins/com.st.stm32cube.ide.mcu.externaltools.gnu-tools-for-stm32.10.3-2021.10.linux64_1.0.0.202111181127/tools/bin/../lib/gcc/arm-none-eabi/10.3.1/thumb/v7e-m+fp/hard/crtbegin.o
 .ARM.attributes
                0x0000000000000052       0x34 ./Core/Src/DEV_Config.o
 .ARM.attributes
                0x0000000000000086       0x34 ./Core/Src/LCD.o
 .ARM.attributes
                0x00000000000000ba       0x34 ./Core/Src/SD_card.o
 .ARM.attributes
                0x00000000000000ee       0x34 ./Core/Src/adc.o
 .ARM.attributes
                0x0000000000000122       0x34 ./Core/Src/common.o
 .ARM.attributes
                0x0000000000000156       0x34 ./Core/Src/dma.o
 .ARM.attributes
                0x000000000000018a       0x34 ./Core/Src/fatfs_sd.o
 .ARM.attributes
                0x00000000000001be       0x34 ./Core/Src/font16.o
 .ARM.attributes
                0x00000000000001f2       0x34 ./Core/Src/font24.o
 .ARM.attributes
                0x0000000000000226       0x34 ./Core/Src/gpio.o
 .ARM.attributes
                0x000000000000025a       0x34 ./Core/Src/main.o
 .ARM.attributes
                0x000000000000028e       0x34 ./Core/Src/menu.o
 .ARM.attributes
                0x00000000000002c2       0x34 ./Core/Src/menu_callbacks.o
 .ARM.attributes
                0x00000000000002f6       0x34 ./Core/Src/spi.o
 .ARM.attributes
                0x000000000000032a       0x34 ./Core/Src/stm32f4xx_hal_msp.o
 .ARM.attributes
                0x000000000000035e       0x34 ./Core/Src/stm32f4xx_it.o
 .ARM.attributes
                0x0000000000000392       0x34 ./Core/Src/sysmem.o
 .ARM.attributes
                0x00000000000003c6       0x34 ./Core/Src/system_stm32f4xx.o
 .ARM.attributes
                0x00000000000003fa       0x34 ./Core/Src/tim.o
 .ARM.attributes
                0x000000000000042e       0x34 ./Core/Src/usart.o
 .ARM.attributes
                0x0000000000000462       0x21 ./Core/Startup/startup_stm32f401ccux.o
 .ARM.attributes
                0x0000000000000483       0x34 ./Drivers/STM32F4xx_HAL_Driver/Src/stm32f4xx_hal.o
 .ARM.attributes
                0x00000000000004b7       0x34 ./Drivers/STM32F4xx_HAL_Driver/Src/stm32f4xx_hal_adc.o
 .ARM.attributes
                0x00000000000004eb       0x34 ./Drivers/STM32F4xx_HAL_Driver/Src/stm32f4xx_hal_cortex.o
 .ARM.attributes
                0x000000000000051f       0x34 ./Drivers/STM32F4xx_HAL_Driver/Src/stm32f4xx_hal_dma.o
 .ARM.attributes
                0x0000000000000553       0x34 ./Drivers/STM32F4xx_HAL_Driver/Src/stm32f4xx_hal_gpio.o
 .ARM.attributes
                0x0000000000000587       0x34 ./Drivers/STM32F4xx_HAL_Driver/Src/stm32f4xx_hal_rcc.o
 .ARM.attributes
                0x00000000000005bb       0x34 ./Drivers/STM32F4xx_HAL_Driver/Src/stm32f4xx_hal_spi.o
 .ARM.attributes
                0x00000000000005ef       0x34 ./Drivers/STM32F4xx_HAL_Driver/Src/stm32f4xx_hal_tim.o
 .ARM.attributes
                0x0000000000000623       0x34 ./Drivers/STM32F4xx_HAL_Driver/Src/stm32f4xx_hal_tim_ex.o
 .ARM.attributes
                0x0000000000000657       0x34 ./Drivers/STM32F4xx_HAL_Driver/Src/stm32f4xx_hal_uart.o
 .ARM.attributes
                0x000000000000068b       0x34 ./FATFS/App/fatfs.o
 .ARM.attributes
                0x00000000000006bf       0x34 ./FATFS/Target/user_diskio.o
 .ARM.attributes
                0x00000000000006f3       0x34 ./Middlewares/Third_Party/FatFs/src/diskio.o
 .ARM.attributes
                0x0000000000000727       0x34 ./Middlewares/Third_Party/FatFs/src/ff.o
 .ARM.attributes
                0x000000000000075b       0x34 ./Middlewares/Third_Party/FatFs/src/ff_gen_drv.o
 .ARM.attributes
                0x000000000000078f       0x34 ./Middlewares/Third_Party/FatFs/src/option/ccsbcs.o
 .ARM.attributes
                0x00000000000007c3       0x34 /opt/st/stm32cubeide_1.10.1/plugins/com.st.stm32cube.ide.mcu.externaltools.gnu-tools-for-stm32.10.3-2021.10.linux64_1.0.0.202111181127/tools/bin/../lib/gcc/arm-none-eabi/10.3.1/../../../../arm-none-eabi/lib/thumb/v7e-m+fp/hard/libc_nano.a(lib_a-errno.o)
 .ARM.attributes
                0x00000000000007f7       0x34 /opt/st/stm32cubeide_1.10.1/plugins/com.st.stm32cube.ide.mcu.externaltools.gnu-tools-for-stm32.10.3-2021.10.linux64_1.0.0.202111181127/tools/bin/../lib/gcc/arm-none-eabi/10.3.1/../../../../arm-none-eabi/lib/thumb/v7e-m+fp/hard/libc_nano.a(lib_a-impure.o)
 .ARM.attributes
                0x000000000000082b       0x34 /opt/st/stm32cubeide_1.10.1/plugins/com.st.stm32cube.ide.mcu.externaltools.gnu-tools-for-stm32.10.3-2021.10.linux64_1.0.0.202111181127/tools/bin/../lib/gcc/arm-none-eabi/10.3.1/../../../../arm-none-eabi/lib/thumb/v7e-m+fp/hard/libc_nano.a(lib_a-init.o)
 .ARM.attributes
                0x000000000000085f       0x34 /opt/st/stm32cubeide_1.10.1/plugins/com.st.stm32cube.ide.mcu.externaltools.gnu-tools-for-stm32.10.3-2021.10.linux64_1.0.0.202111181127/tools/bin/../lib/gcc/arm-none-eabi/10.3.1/../../../../arm-none-eabi/lib/thumb/v7e-m+fp/hard/libc_nano.a(lib_a-memset.o)
 .ARM.attributes
                0x0000000000000893       0x34 /opt/st/stm32cubeide_1.10.1/plugins/com.st.stm32cube.ide.mcu.externaltools.gnu-tools-for-stm32.10.3-2021.10.linux64_1.0.0.202111181127/tools/bin/../lib/gcc/arm-none-eabi/10.3.1/../../../../arm-none-eabi/lib/thumb/v7e-m+fp/hard/libc_nano.a(lib_a-sprintf.o)
 .ARM.attributes
                0x00000000000008c7       0x34 /opt/st/stm32cubeide_1.10.1/plugins/com.st.stm32cube.ide.mcu.externaltools.gnu-tools-for-stm32.10.3-2021.10.linux64_1.0.0.202111181127/tools/bin/../lib/gcc/arm-none-eabi/10.3.1/../../../../arm-none-eabi/lib/thumb/v7e-m+fp/hard/libc_nano.a(lib_a-findfp.o)
 .ARM.attributes
                0x00000000000008fb       0x34 /opt/st/stm32cubeide_1.10.1/plugins/com.st.stm32cube.ide.mcu.externaltools.gnu-tools-for-stm32.10.3-2021.10.linux64_1.0.0.202111181127/tools/bin/../lib/gcc/arm-none-eabi/10.3.1/../../../../arm-none-eabi/lib/thumb/v7e-m+fp/hard/libc_nano.a(lib_a-lock.o)
 .ARM.attributes
                0x000000000000092f       0x34 /opt/st/stm32cubeide_1.10.1/plugins/com.st.stm32cube.ide.mcu.externaltools.gnu-tools-for-stm32.10.3-2021.10.linux64_1.0.0.202111181127/tools/bin/../lib/gcc/arm-none-eabi/10.3.1/../../../../arm-none-eabi/lib/thumb/v7e-m+fp/hard/libc_nano.a(lib_a-nano-freer.o)
 .ARM.attributes
                0x0000000000000963       0x34 /opt/st/stm32cubeide_1.10.1/plugins/com.st.stm32cube.ide.mcu.externaltools.gnu-tools-for-stm32.10.3-2021.10.linux64_1.0.0.202111181127/tools/bin/../lib/gcc/arm-none-eabi/10.3.1/../../../../arm-none-eabi/lib/thumb/v7e-m+fp/hard/libc_nano.a(lib_a-nano-mallocr.o)
 .ARM.attributes
                0x0000000000000997       0x34 /opt/st/stm32cubeide_1.10.1/plugins/com.st.stm32cube.ide.mcu.externaltools.gnu-tools-for-stm32.10.3-2021.10.linux64_1.0.0.202111181127/tools/bin/../lib/gcc/arm-none-eabi/10.3.1/../../../../arm-none-eabi/lib/thumb/v7e-m+fp/hard/libc_nano.a(lib_a-nano-svfprintf.o)
 .ARM.attributes
                0x00000000000009cb       0x34 /opt/st/stm32cubeide_1.10.1/plugins/com.st.stm32cube.ide.mcu.externaltools.gnu-tools-for-stm32.10.3-2021.10.linux64_1.0.0.202111181127/tools/bin/../lib/gcc/arm-none-eabi/10.3.1/../../../../arm-none-eabi/lib/thumb/v7e-m+fp/hard/libc_nano.a(lib_a-nano-vfprintf_i.o)
 .ARM.attributes
                0x00000000000009ff       0x34 /opt/st/stm32cubeide_1.10.1/plugins/com.st.stm32cube.ide.mcu.externaltools.gnu-tools-for-stm32.10.3-2021.10.linux64_1.0.0.202111181127/tools/bin/../lib/gcc/arm-none-eabi/10.3.1/../../../../arm-none-eabi/lib/thumb/v7e-m+fp/hard/libc_nano.a(lib_a-sbrkr.o)
 .ARM.attributes
                0x0000000000000a33       0x1c /opt/st/stm32cubeide_1.10.1/plugins/com.st.stm32cube.ide.mcu.externaltools.gnu-tools-for-stm32.10.3-2021.10.linux64_1.0.0.202111181127/tools/bin/../lib/gcc/arm-none-eabi/10.3.1/../../../../arm-none-eabi/lib/thumb/v7e-m+fp/hard/libc_nano.a(lib_a-memchr.o)
 .ARM.attributes
                0x0000000000000a4f       0x34 /opt/st/stm32cubeide_1.10.1/plugins/com.st.stm32cube.ide.mcu.externaltools.gnu-tools-for-stm32.10.3-2021.10.linux64_1.0.0.202111181127/tools/bin/../lib/gcc/arm-none-eabi/10.3.1/../../../../arm-none-eabi/lib/thumb/v7e-m+fp/hard/libc_nano.a(lib_a-memcpy-stub.o)
 .ARM.attributes
                0x0000000000000a83       0x34 /opt/st/stm32cubeide_1.10.1/plugins/com.st.stm32cube.ide.mcu.externaltools.gnu-tools-for-stm32.10.3-2021.10.linux64_1.0.0.202111181127/tools/bin/../lib/gcc/arm-none-eabi/10.3.1/../../../../arm-none-eabi/lib/thumb/v7e-m+fp/hard/libc_nano.a(lib_a-memmove.o)
 .ARM.attributes
                0x0000000000000ab7       0x34 /opt/st/stm32cubeide_1.10.1/plugins/com.st.stm32cube.ide.mcu.externaltools.gnu-tools-for-stm32.10.3-2021.10.linux64_1.0.0.202111181127/tools/bin/../lib/gcc/arm-none-eabi/10.3.1/../../../../arm-none-eabi/lib/thumb/v7e-m+fp/hard/libc_nano.a(lib_a-mlock.o)
 .ARM.attributes
                0x0000000000000aeb       0x34 /opt/st/stm32cubeide_1.10.1/plugins/com.st.stm32cube.ide.mcu.externaltools.gnu-tools-for-stm32.10.3-2021.10.linux64_1.0.0.202111181127/tools/bin/../lib/gcc/arm-none-eabi/10.3.1/../../../../arm-none-eabi/lib/thumb/v7e-m+fp/hard/libc_nano.a(lib_a-nano-reallocr.o)
 .ARM.attributes
                0x0000000000000b1f       0x34 /opt/st/stm32cubeide_1.10.1/plugins/com.st.stm32cube.ide.mcu.externaltools.gnu-tools-for-stm32.10.3-2021.10.linux64_1.0.0.202111181127/tools/bin/../lib/gcc/arm-none-eabi/10.3.1/../../../../arm-none-eabi/lib/thumb/v7e-m+fp/hard/libc_nano.a(lib_a-reent.o)
 .ARM.attributes
                0x0000000000000b53       0x34 /opt/st/stm32cubeide_1.10.1/plugins/com.st.stm32cube.ide.mcu.externaltools.gnu-tools-for-stm32.10.3-2021.10.linux64_1.0.0.202111181127/tools/bin/../lib/gcc/arm-none-eabi/10.3.1/../../../../arm-none-eabi/lib/thumb/v7e-m+fp/hard/libc_nano.a(lib_a-nano-msizer.o)
 .ARM.attributes
                0x0000000000000b87       0x1e /opt/st/stm32cubeide_1.10.1/plugins/com.st.stm32cube.ide.mcu.externaltools.gnu-tools-for-stm32.10.3-2021.10.linux64_1.0.0.202111181127/tools/bin/../lib/gcc/arm-none-eabi/10.3.1/thumb/v7e-m+fp/hard/libgcc.a(_aeabi_uldivmod.o)
 .ARM.attributes
                0x0000000000000ba5       0x34 /opt/st/stm32cubeide_1.10.1/plugins/com.st.stm32cube.ide.mcu.externaltools.gnu-tools-for-stm32.10.3-2021.10.linux64_1.0.0.202111181127/tools/bin/../lib/gcc/arm-none-eabi/10.3.1/thumb/v7e-m+fp/hard/libgcc.a(_udivmoddi4.o)
 .ARM.attributes
                0x0000000000000bd9       0x1e /opt/st/stm32cubeide_1.10.1/plugins/com.st.stm32cube.ide.mcu.externaltools.gnu-tools-for-stm32.10.3-2021.10.linux64_1.0.0.202111181127/tools/bin/../lib/gcc/arm-none-eabi/10.3.1/thumb/v7e-m+fp/hard/libgcc.a(_dvmd_tls.o)
 .ARM.attributes
                0x0000000000000bf7       0x1e /opt/st/stm32cubeide_1.10.1/plugins/com.st.stm32cube.ide.mcu.externaltools.gnu-tools-for-stm32.10.3-2021.10.linux64_1.0.0.202111181127/tools/bin/../lib/gcc/arm-none-eabi/10.3.1/thumb/v7e-m+fp/hard/crtn.o
OUTPUT(EMG.elf elf32-littlearm)
LOAD linker stubs
LOAD /opt/st/stm32cubeide_1.10.1/plugins/com.st.stm32cube.ide.mcu.externaltools.gnu-tools-for-stm32.10.3-2021.10.linux64_1.0.0.202111181127/tools/bin/../lib/gcc/arm-none-eabi/10.3.1/../../../../arm-none-eabi/lib/thumb/v7e-m+fp/hard/libc.a
LOAD /opt/st/stm32cubeide_1.10.1/plugins/com.st.stm32cube.ide.mcu.externaltools.gnu-tools-for-stm32.10.3-2021.10.linux64_1.0.0.202111181127/tools/bin/../lib/gcc/arm-none-eabi/10.3.1/../../../../arm-none-eabi/lib/thumb/v7e-m+fp/hard/libm.a
LOAD /opt/st/stm32cubeide_1.10.1/plugins/com.st.stm32cube.ide.mcu.externaltools.gnu-tools-for-stm32.10.3-2021.10.linux64_1.0.0.202111181127/tools/bin/../lib/gcc/arm-none-eabi/10.3.1/thumb/v7e-m+fp/hard/libgcc.a

.debug_info     0x0000000000000000    0x19d34
 .debug_info    0x0000000000000000      0x69f ./Core/Src/DEV_Config.o
 .debug_info    0x000000000000069f      0xdf6 ./Core/Src/LCD.o
 .debug_info    0x0000000000001495      0x6fa ./Core/Src/SD_card.o
 .debug_info    0x0000000000001b8f      0xa8d ./Core/Src/adc.o
 .debug_info    0x000000000000261c      0x102 ./Core/Src/common.o
 .debug_info    0x000000000000271e      0x482 ./Core/Src/dma.o
 .debug_info    0x0000000000002ba0      0xcd3 ./Core/Src/fatfs_sd.o
 .debug_info    0x0000000000003873      0x127 ./Core/Src/font16.o
 .debug_info    0x000000000000399a      0x127 ./Core/Src/font24.o
 .debug_info    0x0000000000003ac1      0x62e ./Core/Src/gpio.o
 .debug_info    0x00000000000040ef     0x1c89 ./Core/Src/main.o
 .debug_info    0x0000000000005d78      0x493 ./Core/Src/menu.o
 .debug_info    0x000000000000620b      0x120 ./Core/Src/menu_callbacks.o
 .debug_info    0x000000000000632b      0xa75 ./Core/Src/spi.o
 .debug_info    0x0000000000006da0      0x2d4 ./Core/Src/stm32f4xx_hal_msp.o
 .debug_info    0x0000000000007074      0x7b3 ./Core/Src/stm32f4xx_it.o
 .debug_info    0x0000000000007827      0x171 ./Core/Src/sysmem.o
 .debug_info    0x0000000000007998      0x54f ./Core/Src/system_stm32f4xx.o
 .debug_info    0x0000000000007ee7     0x10b9 ./Core/Src/tim.o
 .debug_info    0x0000000000008fa0      0x9c4 ./Core/Src/usart.o
 .debug_info    0x0000000000009964       0x22 ./Core/Startup/startup_stm32f401ccux.o
 .debug_info    0x0000000000009986      0x906 ./Drivers/STM32F4xx_HAL_Driver/Src/stm32f4xx_hal.o
 .debug_info    0x000000000000a28c      0xd68 ./Drivers/STM32F4xx_HAL_Driver/Src/stm32f4xx_hal_adc.o
 .debug_info    0x000000000000aff4      0xd85 ./Drivers/STM32F4xx_HAL_Driver/Src/stm32f4xx_hal_cortex.o
 .debug_info    0x000000000000bd79      0x947 ./Drivers/STM32F4xx_HAL_Driver/Src/stm32f4xx_hal_dma.o
 .debug_info    0x000000000000c6c0      0x78e ./Drivers/STM32F4xx_HAL_Driver/Src/stm32f4xx_hal_gpio.o
 .debug_info    0x000000000000ce4e      0x98c ./Drivers/STM32F4xx_HAL_Driver/Src/stm32f4xx_hal_rcc.o
 .debug_info    0x000000000000d7da     0x1750 ./Drivers/STM32F4xx_HAL_Driver/Src/stm32f4xx_hal_spi.o
 .debug_info    0x000000000000ef2a     0x2bb6 ./Drivers/STM32F4xx_HAL_Driver/Src/stm32f4xx_hal_tim.o
 .debug_info    0x0000000000011ae0     0x15d8 ./Drivers/STM32F4xx_HAL_Driver/Src/stm32f4xx_hal_tim_ex.o
 .debug_info    0x00000000000130b8     0x31b4 ./Drivers/STM32F4xx_HAL_Driver/Src/stm32f4xx_hal_uart.o
 .debug_info    0x000000000001626c      0x526 ./FATFS/App/fatfs.o
 .debug_info    0x0000000000016792      0x3d2 ./FATFS/Target/user_diskio.o
 .debug_info    0x0000000000016b64      0x412 ./Middlewares/Third_Party/FatFs/src/diskio.o
 .debug_info    0x0000000000016f76     0x284f ./Middlewares/Third_Party/FatFs/src/ff.o
 .debug_info    0x00000000000197c5      0x3a9 ./Middlewares/Third_Party/FatFs/src/ff_gen_drv.o
 .debug_info    0x0000000000019b6e      0x1c6 ./Middlewares/Third_Party/FatFs/src/option/ccsbcs.o

.debug_abbrev   0x0000000000000000     0x40d9
 .debug_abbrev  0x0000000000000000      0x1d7 ./Core/Src/DEV_Config.o
 .debug_abbrev  0x00000000000001d7      0x23c ./Core/Src/LCD.o
 .debug_abbrev  0x0000000000000413      0x238 ./Core/Src/SD_card.o
 .debug_abbrev  0x000000000000064b      0x1f3 ./Core/Src/adc.o
 .debug_abbrev  0x000000000000083e       0x7d ./Core/Src/common.o
 .debug_abbrev  0x00000000000008bb      0x10a ./Core/Src/dma.o
 .debug_abbrev  0x00000000000009c5      0x2d7 ./Core/Src/fatfs_sd.o
 .debug_abbrev  0x0000000000000c9c       0xb1 ./Core/Src/font16.o
 .debug_abbrev  0x0000000000000d4d       0xb1 ./Core/Src/font24.o
 .debug_abbrev  0x0000000000000dfe      0x164 ./Core/Src/gpio.o
 .debug_abbrev  0x0000000000000f62      0x3a0 ./Core/Src/main.o
 .debug_abbrev  0x0000000000001302      0x180 ./Core/Src/menu.o
 .debug_abbrev  0x0000000000001482       0x7c ./Core/Src/menu_callbacks.o
 .debug_abbrev  0x00000000000014fe      0x1e0 ./Core/Src/spi.o
 .debug_abbrev  0x00000000000016de       0xd4 ./Core/Src/stm32f4xx_hal_msp.o
 .debug_abbrev  0x00000000000017b2      0x1aa ./Core/Src/stm32f4xx_it.o
 .debug_abbrev  0x000000000000195c       0xbb ./Core/Src/sysmem.o
 .debug_abbrev  0x0000000000001a17      0x116 ./Core/Src/system_stm32f4xx.o
 .debug_abbrev  0x0000000000001b2d      0x287 ./Core/Src/tim.o
 .debug_abbrev  0x0000000000001db4      0x1e7 ./Core/Src/usart.o
 .debug_abbrev  0x0000000000001f9b       0x12 ./Core/Startup/startup_stm32f401ccux.o
 .debug_abbrev  0x0000000000001fad      0x23e ./Drivers/STM32F4xx_HAL_Driver/Src/stm32f4xx_hal.o
 .debug_abbrev  0x00000000000021eb      0x204 ./Drivers/STM32F4xx_HAL_Driver/Src/stm32f4xx_hal_adc.o