../Core/Src/LCD.c:30:13:LCD_Reset	8	static
../Core/Src/LCD.c:43:13:LCD_WriteReg	16	static
../Core/Src/LCD.c:50:13:LCD_WriteData_8Bit	16	static
../Core/Src/LCD.c:65:13:LCD_WriteData_NLen16Bit	24	static
../Core/Src/LCD.c:80:13:LCD_InitReg	8	static
../Core/Src/LCD.c:180:6:LCD_SetGramScanWay	24	static
../Core/Src/LCD.c:248:6:LCD_Init	16	static
../Core/Src/LCD.c:281:6:LCD_SetWindows	24	static
../Core/Src/LCD.c:307:6:LCD_SetCursor	16	static
../Core/Src/LCD.c:317:6:LCD_SetColor	16	static
../Core/Src/LCD.c:328:6:LCD_SetPointlColor	16	static
../Core/Src/LCD.c:344:6:LCD_SetArealColor	24	static
../Core/Src/LCD.c:355:6:LCD_Clear	24	static
../Core/Src/LCD.c:369:6:LCD_DrawPoint	32	static
../Core/Src/LCD.c:403:6:LCD_DrawLine	64	static
../Core/Src/LCD.c:458:6:LCD_DrawRectangle	40	static
../Core/Src/LCD.c:488:6:LCD_DrawCircle	40	static
../Core/Src/LCD.c:558:6:LCD_DisplayChar	40	static
../Core/Src/LCD.c:604:6:LCD_DisplayString	40	static
../Core/Src/LCD.c:647:6:LCD_DisplayNum	560	static
../Core/Src/LCD.c:677:6:LCD_Show	80	static
../Core/Src/LCD.c:759:6:LCD_DrawImage	24	static
