../Drivers/CMSIS/Include/core_cm4.h:1939:34:__NVIC_SystemReset	4	static,ignoring_inline_asm
../Core/Src/main.c:94:6:conversion	24	static
../Core/Src/main.c:123:6:save_data_to_SD	8	static
../Core/Src/main.c:129:6:adcbufToBlbuf	16	static
../Core/Src/main.c:147:5:main	24	static
../Core/Src/main.c:244:6:SystemClock_Config	88	static
../Core/Src/main.c:289:6:farray	16	static
../Core/Src/main.c:293:6:sarray	16	static
../Core/Src/main.c:299:6:HAL_TIM_IC_CaptureCallback	16	static
../Core/Src/main.c:317:6:HAL_GPIO_EXTI_Callback	16	static
../Core/Src/main.c:337:6:Error_Handler	4	static,ignoring_inline_asm
